{"timestamp":"2026-04-07T05:36:08.956993Z","level":"info","event":"Filling up the DagBag from /opt/airflow/dags/j1_05_task_groups.py","logger":"airflow.dag_processing.dagbag.BundleDagBag","filename":"dagbag.py","lineno":469}
{"timestamp":"2026-04-07T05:36:09.057755Z","level":"warning","event":"The `airflow.decorators.dag` attribute is deprecated. Please use `'airflow.sdk.dag'`.","category":"UserWarning","filename":"/opt/airflow/dags/j1_05_task_groups.py","lineno":1,"logger":"py.warnings"}
{"timestamp":"2026-04-07T05:36:09.058060Z","level":"warning","event":"The `airflow.decorators.task` attribute is deprecated. Please use `'airflow.sdk.task'`.","category":"UserWarning","filename":"/opt/airflow/dags/j1_05_task_groups.py","lineno":1,"logger":"py.warnings"}
{"timestamp":"2026-04-07T05:36:09.058216Z","level":"warning","event":"The `airflow.utils.task_group.TaskGroup` attribute is deprecated. Please use `'airflow.sdk.TaskGroup'`.","category":"UserWarning","filename":"/opt/airflow/dags/j1_05_task_groups.py","lineno":2,"logger":"py.warnings"}
{"timestamp":"2026-04-07T05:36:39.367786Z","level":"info","event":"Filling up the DagBag from /opt/airflow/dags/j1_05_task_groups.py","logger":"airflow.dag_processing.dagbag.BundleDagBag","filename":"dagbag.py","lineno":469}
{"timestamp":"2026-04-07T05:36:39.437203Z","level":"warning","event":"The `airflow.decorators.dag` attribute is deprecated. Please use `'airflow.sdk.dag'`.","category":"UserWarning","filename":"/opt/airflow/dags/j1_05_task_groups.py","lineno":1,"logger":"py.warnings"}
{"timestamp":"2026-04-07T05:36:39.437434Z","level":"warning","event":"The `airflow.decorators.task` attribute is deprecated. Please use `'airflow.sdk.task'`.","category":"UserWarning","filename":"/opt/airflow/dags/j1_05_task_groups.py","lineno":1,"logger":"py.warnings"}
{"timestamp":"2026-04-07T05:36:39.437569Z","level":"warning","event":"The `airflow.utils.task_group.TaskGroup` attribute is deprecated. Please use `'airflow.sdk.TaskGroup'`.","category":"UserWarning","filename":"/opt/airflow/dags/j1_05_task_groups.py","lineno":2,"logger":"py.warnings"}
{"timestamp":"2026-04-07T05:37:09.947063Z","level":"info","event":"Filling up the DagBag from /opt/airflow/dags/j1_05_task_groups.py","logger":"airflow.dag_processing.dagbag.BundleDagBag","filename":"dagbag.py","lineno":469}
{"timestamp":"2026-04-07T05:37:10.011587Z","level":"warning","event":"The `airflow.decorators.dag` attribute is deprecated. Please use `'airflow.sdk.dag'`.","category":"UserWarning","filename":"/opt/airflow/dags/j1_05_task_groups.py","lineno":1,"logger":"py.warnings"}
{"timestamp":"2026-04-07T05:37:10.011818Z","level":"warning","event":"The `airflow.decorators.task` attribute is deprecated. Please use `'airflow.sdk.task'`.","category":"UserWarning","filename":"/opt/airflow/dags/j1_05_task_groups.py","lineno":1,"logger":"py.warnings"}
{"timestamp":"2026-04-07T05:37:10.011963Z","level":"warning","event":"The `airflow.utils.task_group.TaskGroup` attribute is deprecated. Please use `'airflow.sdk.TaskGroup'`.","category":"UserWarning","filename":"/opt/airflow/dags/j1_05_task_groups.py","lineno":2,"logger":"py.warnings"}
{"timestamp":"2026-04-07T05:37:41.603749Z","level":"info","event":"Filling up the DagBag from /opt/airflow/dags/j1_05_task_groups.py","logger":"airflow.dag_processing.dagbag.BundleDagBag","filename":"dagbag.py","lineno":469}
{"timestamp":"2026-04-07T05:37:41.684179Z","level":"warning","event":"The `airflow.decorators.dag` attribute is deprecated. Please use `'airflow.sdk.dag'`.","category":"UserWarning","filename":"/opt/airflow/dags/j1_05_task_groups.py","lineno":1,"logger":"py.warnings"}
{"timestamp":"2026-04-07T05:37:41.684399Z","level":"warning","event":"The `airflow.decorators.task` attribute is deprecated. Please use `'airflow.sdk.task'`.","category":"UserWarning","filename":"/opt/airflow/dags/j1_05_task_groups.py","lineno":1,"logger":"py.warnings"}
{"timestamp":"2026-04-07T05:37:41.684497Z","level":"warning","event":"The `airflow.utils.task_group.TaskGroup` attribute is deprecated. Please use `'airflow.sdk.TaskGroup'`.","category":"UserWarning","filename":"/opt/airflow/dags/j1_05_task_groups.py","lineno":2,"logger":"py.warnings"}
{"timestamp":"2026-04-07T05:38:12.838409Z","level":"info","event":"Filling up the DagBag from /opt/airflow/dags/j1_05_task_groups.py","logger":"airflow.dag_processing.dagbag.BundleDagBag","filename":"dagbag.py","lineno":469}
{"timestamp":"2026-04-07T05:38:13.106992Z","level":"warning","event":"The `airflow.decorators.dag` attribute is deprecated. Please use `'airflow.sdk.dag'`.","category":"UserWarning","filename":"/opt/airflow/dags/j1_05_task_groups.py","lineno":1,"logger":"py.warnings"}
{"timestamp":"2026-04-07T05:38:13.107482Z","level":"warning","event":"The `airflow.decorators.task` attribute is deprecated. Please use `'airflow.sdk.task'`.","category":"UserWarning","filename":"/opt/airflow/dags/j1_05_task_groups.py","lineno":1,"logger":"py.warnings"}
{"timestamp":"2026-04-07T05:38:13.108195Z","level":"warning","event":"The `airflow.utils.task_group.TaskGroup` attribute is deprecated. Please use `'airflow.sdk.TaskGroup'`.","category":"UserWarning","filename":"/opt/airflow/dags/j1_05_task_groups.py","lineno":2,"logger":"py.warnings"}
{"timestamp":"2026-04-07T05:38:44.143188Z","level":"info","event":"Filling up the DagBag from /opt/airflow/dags/j1_05_task_groups.py","logger":"airflow.dag_processing.dagbag.BundleDagBag","filename":"dagbag.py","lineno":469}
{"timestamp":"2026-04-07T05:38:44.271291Z","level":"warning","event":"The `airflow.decorators.dag` attribute is deprecated. Please use `'airflow.sdk.dag'`.","category":"UserWarning","filename":"/opt/airflow/dags/j1_05_task_groups.py","lineno":1,"logger":"py.warnings"}
{"timestamp":"2026-04-07T05:38:44.271639Z","level":"warning","event":"The `airflow.decorators.task` attribute is deprecated. Please use `'airflow.sdk.task'`.","category":"UserWarning","filename":"/opt/airflow/dags/j1_05_task_groups.py","lineno":1,"logger":"py.warnings"}
{"timestamp":"2026-04-07T05:38:44.271844Z","level":"warning","event":"The `airflow.utils.task_group.TaskGroup` attribute is deprecated. Please use `'airflow.sdk.TaskGroup'`.","category":"UserWarning","filename":"/opt/airflow/dags/j1_05_task_groups.py","lineno":2,"logger":"py.warnings"}
{"timestamp":"2026-04-07T05:39:14.668112Z","level":"info","event":"Filling up the DagBag from /opt/airflow/dags/j1_05_task_groups.py","logger":"airflow.dag_processing.dagbag.BundleDagBag","filename":"dagbag.py","lineno":469}
{"timestamp":"2026-04-07T05:39:14.759401Z","level":"warning","event":"The `airflow.decorators.dag` attribute is deprecated. Please use `'airflow.sdk.dag'`.","category":"UserWarning","filename":"/opt/airflow/dags/j1_05_task_groups.py","lineno":1,"logger":"py.warnings"}
{"timestamp":"2026-04-07T05:39:14.759749Z","level":"warning","event":"The `airflow.decorators.task` attribute is deprecated. Please use `'airflow.sdk.task'`.","category":"UserWarning","filename":"/opt/airflow/dags/j1_05_task_groups.py","lineno":1,"logger":"py.warnings"}
{"timestamp":"2026-04-07T05:39:14.759939Z","level":"warning","event":"The `airflow.utils.task_group.TaskGroup` attribute is deprecated. Please use `'airflow.sdk.TaskGroup'`.","category":"UserWarning","filename":"/opt/airflow/dags/j1_05_task_groups.py","lineno":2,"logger":"py.warnings"}
{"timestamp":"2026-04-07T05:39:45.062758Z","level":"info","event":"Filling up the DagBag from /opt/airflow/dags/j1_05_task_groups.py","logger":"airflow.dag_processing.dagbag.BundleDagBag","filename":"dagbag.py","lineno":469}
{"timestamp":"2026-04-07T05:39:45.138096Z","level":"warning","event":"The `airflow.decorators.dag` attribute is deprecated. Please use `'airflow.sdk.dag'`.","category":"UserWarning","filename":"/opt/airflow/dags/j1_05_task_groups.py","lineno":1,"logger":"py.warnings"}
{"timestamp":"2026-04-07T05:39:45.138326Z","level":"warning","event":"The `airflow.decorators.task` attribute is deprecated. Please use `'airflow.sdk.task'`.","category":"UserWarning","filename":"/opt/airflow/dags/j1_05_task_groups.py","lineno":1,"logger":"py.warnings"}
{"timestamp":"2026-04-07T05:39:45.138426Z","level":"warning","event":"The `airflow.utils.task_group.TaskGroup` attribute is deprecated. Please use `'airflow.sdk.TaskGroup'`.","category":"UserWarning","filename":"/opt/airflow/dags/j1_05_task_groups.py","lineno":2,"logger":"py.warnings"}
{"timestamp":"2026-04-07T05:40:15.362087Z","level":"info","event":"Filling up the DagBag from /opt/airflow/dags/j1_05_task_groups.py","logger":"airflow.dag_processing.dagbag.BundleDagBag","filename":"dagbag.py","lineno":469}
{"timestamp":"2026-04-07T05:40:15.491998Z","level":"warning","event":"The `airflow.decorators.dag` attribute is deprecated. Please use `'airflow.sdk.dag'`.","category":"UserWarning","filename":"/opt/airflow/dags/j1_05_task_groups.py","lineno":1,"logger":"py.warnings"}
{"timestamp":"2026-04-07T05:40:15.492204Z","level":"warning","event":"The `airflow.decorators.task` attribute is deprecated. Please use `'airflow.sdk.task'`.","category":"UserWarning","filename":"/opt/airflow/dags/j1_05_task_groups.py","lineno":1,"logger":"py.warnings"}
{"timestamp":"2026-04-07T05:40:15.492286Z","level":"warning","event":"The `airflow.utils.task_group.TaskGroup` attribute is deprecated. Please use `'airflow.sdk.TaskGroup'`.","category":"UserWarning","filename":"/opt/airflow/dags/j1_05_task_groups.py","lineno":2,"logger":"py.warnings"}
{"timestamp":"2026-04-07T05:40:46.524442Z","level":"info","event":"Filling up the DagBag from /opt/airflow/dags/j1_05_task_groups.py","logger":"airflow.dag_processing.dagbag.BundleDagBag","filename":"dagbag.py","lineno":469}
{"timestamp":"2026-04-07T05:40:46.622368Z","level":"warning","event":"The `airflow.decorators.dag` attribute is deprecated. Please use `'airflow.sdk.dag'`.","category":"UserWarning","filename":"/opt/airflow/dags/j1_05_task_groups.py","lineno":1,"logger":"py.warnings"}
{"timestamp":"2026-04-07T05:40:46.622540Z","level":"warning","event":"The `airflow.decorators.task` attribute is deprecated. Please use `'airflow.sdk.task'`.","category":"UserWarning","filename":"/opt/airflow/dags/j1_05_task_groups.py","lineno":1,"logger":"py.warnings"}
{"timestamp":"2026-04-07T05:40:46.622625Z","level":"warning","event":"The `airflow.utils.task_group.TaskGroup` attribute is deprecated. Please use `'airflow.sdk.TaskGroup'`.","category":"UserWarning","filename":"/opt/airflow/dags/j1_05_task_groups.py","lineno":2,"logger":"py.warnings"}
{"timestamp":"2026-04-07T05:41:17.215421Z","level":"info","event":"Filling up the DagBag from /opt/airflow/dags/j1_05_task_groups.py","logger":"airflow.dag_processing.dagbag.BundleDagBag","filename":"dagbag.py","lineno":469}
{"timestamp":"2026-04-07T05:41:17.335916Z","level":"warning","event":"The `airflow.decorators.dag` attribute is deprecated. Please use `'airflow.sdk.dag'`.","category":"UserWarning","filename":"/opt/airflow/dags/j1_05_task_groups.py","lineno":1,"logger":"py.warnings"}
{"timestamp":"2026-04-07T05:41:17.336149Z","level":"warning","event":"The `airflow.decorators.task` attribute is deprecated. Please use `'airflow.sdk.task'`.","category":"UserWarning","filename":"/opt/airflow/dags/j1_05_task_groups.py","lineno":1,"logger":"py.warnings"}
{"timestamp":"2026-04-07T05:41:17.336277Z","level":"warning","event":"The `airflow.utils.task_group.TaskGroup` attribute is deprecated. Please use `'airflow.sdk.TaskGroup'`.","category":"UserWarning","filename":"/opt/airflow/dags/j1_05_task_groups.py","lineno":2,"logger":"py.warnings"}
{"timestamp":"2026-04-07T05:41:50.566339Z","level":"info","event":"Filling up the DagBag from /opt/airflow/dags/j1_05_task_groups.py","logger":"airflow.dag_processing.dagbag.BundleDagBag","filename":"dagbag.py","lineno":469}
{"timestamp":"2026-04-07T05:41:50.668101Z","level":"warning","event":"The `airflow.decorators.dag` attribute is deprecated. Please use `'airflow.sdk.dag'`.","category":"UserWarning","filename":"/opt/airflow/dags/j1_05_task_groups.py","lineno":1,"logger":"py.warnings"}
{"timestamp":"2026-04-07T05:41:50.668362Z","level":"warning","event":"The `airflow.decorators.task` attribute is deprecated. Please use `'airflow.sdk.task'`.","category":"UserWarning","filename":"/opt/airflow/dags/j1_05_task_groups.py","lineno":1,"logger":"py.warnings"}
{"timestamp":"2026-04-07T05:41:50.668475Z","level":"warning","event":"The `airflow.utils.task_group.TaskGroup` attribute is deprecated. Please use `'airflow.sdk.TaskGroup'`.","category":"UserWarning","filename":"/opt/airflow/dags/j1_05_task_groups.py","lineno":2,"logger":"py.warnings"}
{"timestamp":"2026-04-07T05:42:20.973296Z","level":"info","event":"Filling up the DagBag from /opt/airflow/dags/j1_05_task_groups.py","logger":"airflow.dag_processing.dagbag.BundleDagBag","filename":"dagbag.py","lineno":469}
{"timestamp":"2026-04-07T05:42:21.047610Z","level":"warning","event":"The `airflow.decorators.dag` attribute is deprecated. Please use `'airflow.sdk.dag'`.","category":"UserWarning","filename":"/opt/airflow/dags/j1_05_task_groups.py","lineno":1,"logger":"py.warnings"}
{"timestamp":"2026-04-07T05:42:21.047943Z","level":"warning","event":"The `airflow.decorators.task` attribute is deprecated. Please use `'airflow.sdk.task'`.","category":"UserWarning","filename":"/opt/airflow/dags/j1_05_task_groups.py","lineno":1,"logger":"py.warnings"}
{"timestamp":"2026-04-07T05:42:21.048120Z","level":"warning","event":"The `airflow.utils.task_group.TaskGroup` attribute is deprecated. Please use `'airflow.sdk.TaskGroup'`.","category":"UserWarning","filename":"/opt/airflow/dags/j1_05_task_groups.py","lineno":2,"logger":"py.warnings"}
{"timestamp":"2026-04-07T05:42:51.769165Z","level":"info","event":"Filling up the DagBag from /opt/airflow/dags/j1_05_task_groups.py","logger":"airflow.dag_processing.dagbag.BundleDagBag","filename":"dagbag.py","lineno":469}
{"timestamp":"2026-04-07T05:42:51.839350Z","level":"warning","event":"The `airflow.decorators.dag` attribute is deprecated. Please use `'airflow.sdk.dag'`.","category":"UserWarning","filename":"/opt/airflow/dags/j1_05_task_groups.py","lineno":1,"logger":"py.warnings"}
{"timestamp":"2026-04-07T05:42:51.839512Z","level":"warning","event":"The `airflow.decorators.task` attribute is deprecated. Please use `'airflow.sdk.task'`.","category":"UserWarning","filename":"/opt/airflow/dags/j1_05_task_groups.py","lineno":1,"logger":"py.warnings"}
{"timestamp":"2026-04-07T05:42:51.839594Z","level":"warning","event":"The `airflow.utils.task_group.TaskGroup` attribute is deprecated. Please use `'airflow.sdk.TaskGroup'`.","category":"UserWarning","filename":"/opt/airflow/dags/j1_05_task_groups.py","lineno":2,"logger":"py.warnings"}
{"timestamp":"2026-04-07T05:43:22.218251Z","level":"info","event":"Filling up the DagBag from /opt/airflow/dags/j1_05_task_groups.py","logger":"airflow.dag_processing.dagbag.BundleDagBag","filename":"dagbag.py","lineno":469}
{"timestamp":"2026-04-07T05:43:22.297508Z","level":"warning","event":"The `airflow.decorators.dag` attribute is deprecated. Please use `'airflow.sdk.dag'`.","category":"UserWarning","filename":"/opt/airflow/dags/j1_05_task_groups.py","lineno":1,"logger":"py.warnings"}
{"timestamp":"2026-04-07T05:43:22.297670Z","level":"warning","event":"The `airflow.decorators.task` attribute is deprecated. Please use `'airflow.sdk.task'`.","category":"UserWarning","filename":"/opt/airflow/dags/j1_05_task_groups.py","lineno":1,"logger":"py.warnings"}
{"timestamp":"2026-04-07T05:43:22.297758Z","level":"warning","event":"The `airflow.utils.task_group.TaskGroup` attribute is deprecated. Please use `'airflow.sdk.TaskGroup'`.","category":"UserWarning","filename":"/opt/airflow/dags/j1_05_task_groups.py","lineno":2,"logger":"py.warnings"}
{"timestamp":"2026-04-07T05:43:53.391704Z","level":"info","event":"Filling up the DagBag from /opt/airflow/dags/j1_05_task_groups.py","logger":"airflow.dag_processing.dagbag.BundleDagBag","filename":"dagbag.py","lineno":469}
{"timestamp":"2026-04-07T05:43:53.479189Z","level":"warning","event":"The `airflow.decorators.dag` attribute is deprecated. Please use `'airflow.sdk.dag'`.","category":"UserWarning","filename":"/opt/airflow/dags/j1_05_task_groups.py","lineno":1,"logger":"py.warnings"}
{"timestamp":"2026-04-07T05:43:53.479467Z","level":"warning","event":"The `airflow.decorators.task` attribute is deprecated. Please use `'airflow.sdk.task'`.","category":"UserWarning","filename":"/opt/airflow/dags/j1_05_task_groups.py","lineno":1,"logger":"py.warnings"}
{"timestamp":"2026-04-07T05:43:53.479591Z","level":"warning","event":"The `airflow.utils.task_group.TaskGroup` attribute is deprecated. Please use `'airflow.sdk.TaskGroup'`.","category":"UserWarning","filename":"/opt/airflow/dags/j1_05_task_groups.py","lineno":2,"logger":"py.warnings"}
{"timestamp":"2026-04-07T05:44:24.433065Z","level":"info","event":"Filling up the DagBag from /opt/airflow/dags/j1_05_task_groups.py","logger":"airflow.dag_processing.dagbag.BundleDagBag","filename":"dagbag.py","lineno":469}
{"timestamp":"2026-04-07T05:44:24.543802Z","level":"warning","event":"The `airflow.decorators.dag` attribute is deprecated. Please use `'airflow.sdk.dag'`.","category":"UserWarning","filename":"/opt/airflow/dags/j1_05_task_groups.py","lineno":1,"logger":"py.warnings"}
{"timestamp":"2026-04-07T05:44:24.544107Z","level":"warning","event":"The `airflow.decorators.task` attribute is deprecated. Please use `'airflow.sdk.task'`.","category":"UserWarning","filename":"/opt/airflow/dags/j1_05_task_groups.py","lineno":1,"logger":"py.warnings"}
{"timestamp":"2026-04-07T05:44:24.544324Z","level":"warning","event":"The `airflow.utils.task_group.TaskGroup` attribute is deprecated. Please use `'airflow.sdk.TaskGroup'`.","category":"UserWarning","filename":"/opt/airflow/dags/j1_05_task_groups.py","lineno":2,"logger":"py.warnings"}
{"timestamp":"2026-04-07T05:44:55.614392Z","level":"info","event":"Filling up the DagBag from /opt/airflow/dags/j1_05_task_groups.py","logger":"airflow.dag_processing.dagbag.BundleDagBag","filename":"dagbag.py","lineno":469}
{"timestamp":"2026-04-07T05:44:55.703418Z","level":"warning","event":"The `airflow.decorators.dag` attribute is deprecated. Please use `'airflow.sdk.dag'`.","category":"UserWarning","filename":"/opt/airflow/dags/j1_05_task_groups.py","lineno":1,"logger":"py.warnings"}
{"timestamp":"2026-04-07T05:44:55.703688Z","level":"warning","event":"The `airflow.decorators.task` attribute is deprecated. Please use `'airflow.sdk.task'`.","category":"UserWarning","filename":"/opt/airflow/dags/j1_05_task_groups.py","lineno":1,"logger":"py.warnings"}
{"timestamp":"2026-04-07T05:44:55.703819Z","level":"warning","event":"The `airflow.utils.task_group.TaskGroup` attribute is deprecated. Please use `'airflow.sdk.TaskGroup'`.","category":"UserWarning","filename":"/opt/airflow/dags/j1_05_task_groups.py","lineno":2,"logger":"py.warnings"}
{"timestamp":"2026-04-07T05:45:26.704114Z","level":"info","event":"Filling up the DagBag from /opt/airflow/dags/j1_05_task_groups.py","logger":"airflow.dag_processing.dagbag.BundleDagBag","filename":"dagbag.py","lineno":469}
{"timestamp":"2026-04-07T05:45:26.790895Z","level":"warning","event":"The `airflow.decorators.dag` attribute is deprecated. Please use `'airflow.sdk.dag'`.","category":"UserWarning","filename":"/opt/airflow/dags/j1_05_task_groups.py","lineno":1,"logger":"py.warnings"}
{"timestamp":"2026-04-07T05:45:26.791207Z","level":"warning","event":"The `airflow.decorators.task` attribute is deprecated. Please use `'airflow.sdk.task'`.","category":"UserWarning","filename":"/opt/airflow/dags/j1_05_task_groups.py","lineno":1,"logger":"py.warnings"}
{"timestamp":"2026-04-07T05:45:26.791367Z","level":"warning","event":"The `airflow.utils.task_group.TaskGroup` attribute is deprecated. Please use `'airflow.sdk.TaskGroup'`.","category":"UserWarning","filename":"/opt/airflow/dags/j1_05_task_groups.py","lineno":2,"logger":"py.warnings"}
{"timestamp":"2026-04-07T05:45:59.868234Z","level":"info","event":"Filling up the DagBag from /opt/airflow/dags/j1_05_task_groups.py","logger":"airflow.dag_processing.dagbag.BundleDagBag","filename":"dagbag.py","lineno":469}
{"timestamp":"2026-04-07T05:46:00.112372Z","level":"warning","event":"The `airflow.decorators.dag` attribute is deprecated. Please use `'airflow.sdk.dag'`.","category":"UserWarning","filename":"/opt/airflow/dags/j1_05_task_groups.py","lineno":1,"logger":"py.warnings"}
{"timestamp":"2026-04-07T05:46:00.112645Z","level":"warning","event":"The `airflow.decorators.task` attribute is deprecated. Please use `'airflow.sdk.task'`.","category":"UserWarning","filename":"/opt/airflow/dags/j1_05_task_groups.py","lineno":1,"logger":"py.warnings"}
{"timestamp":"2026-04-07T05:46:00.112765Z","level":"warning","event":"The `airflow.utils.task_group.TaskGroup` attribute is deprecated. Please use `'airflow.sdk.TaskGroup'`.","category":"UserWarning","filename":"/opt/airflow/dags/j1_05_task_groups.py","lineno":2,"logger":"py.warnings"}
{"timestamp":"2026-04-07T05:46:30.531550Z","level":"info","event":"Filling up the DagBag from /opt/airflow/dags/j1_05_task_groups.py","logger":"airflow.dag_processing.dagbag.BundleDagBag","filename":"dagbag.py","lineno":469}
{"timestamp":"2026-04-07T05:46:30.717073Z","level":"warning","event":"The `airflow.decorators.dag` attribute is deprecated. Please use `'airflow.sdk.dag'`.","category":"UserWarning","filename":"/opt/airflow/dags/j1_05_task_groups.py","lineno":1,"logger":"py.warnings"}
{"timestamp":"2026-04-07T05:46:30.717431Z","level":"warning","event":"The `airflow.decorators.task` attribute is deprecated. Please use `'airflow.sdk.task'`.","category":"UserWarning","filename":"/opt/airflow/dags/j1_05_task_groups.py","lineno":1,"logger":"py.warnings"}
{"timestamp":"2026-04-07T05:46:30.717659Z","level":"warning","event":"The `airflow.utils.task_group.TaskGroup` attribute is deprecated. Please use `'airflow.sdk.TaskGroup'`.","category":"UserWarning","filename":"/opt/airflow/dags/j1_05_task_groups.py","lineno":2,"logger":"py.warnings"}
{"timestamp":"2026-04-07T05:47:01.807107Z","level":"info","event":"Filling up the DagBag from /opt/airflow/dags/j1_05_task_groups.py","logger":"airflow.dag_processing.dagbag.BundleDagBag","filename":"dagbag.py","lineno":469}
{"timestamp":"2026-04-07T05:47:01.924007Z","level":"warning","event":"The `airflow.decorators.dag` attribute is deprecated. Please use `'airflow.sdk.dag'`.","category":"UserWarning","filename":"/opt/airflow/dags/j1_05_task_groups.py","lineno":1,"logger":"py.warnings"}
{"timestamp":"2026-04-07T05:47:01.924274Z","level":"warning","event":"The `airflow.decorators.task` attribute is deprecated. Please use `'airflow.sdk.task'`.","category":"UserWarning","filename":"/opt/airflow/dags/j1_05_task_groups.py","lineno":1,"logger":"py.warnings"}
{"timestamp":"2026-04-07T05:47:01.924423Z","level":"warning","event":"The `airflow.utils.task_group.TaskGroup` attribute is deprecated. Please use `'airflow.sdk.TaskGroup'`.","category":"UserWarning","filename":"/opt/airflow/dags/j1_05_task_groups.py","lineno":2,"logger":"py.warnings"}
{"timestamp":"2026-04-07T05:47:32.776558Z","level":"info","event":"Filling up the DagBag from /opt/airflow/dags/j1_05_task_groups.py","logger":"airflow.dag_processing.dagbag.BundleDagBag","filename":"dagbag.py","lineno":469}
{"timestamp":"2026-04-07T05:47:33.004163Z","level":"warning","event":"The `airflow.decorators.dag` attribute is deprecated. Please use `'airflow.sdk.dag'`.","category":"UserWarning","filename":"/opt/airflow/dags/j1_05_task_groups.py","lineno":1,"logger":"py.warnings"}
{"timestamp":"2026-04-07T05:47:33.004581Z","level":"warning","event":"The `airflow.decorators.task` attribute is deprecated. Please use `'airflow.sdk.task'`.","category":"UserWarning","filename":"/opt/airflow/dags/j1_05_task_groups.py","lineno":1,"logger":"py.warnings"}
{"timestamp":"2026-04-07T05:47:33.004821Z","level":"warning","event":"The `airflow.utils.task_group.TaskGroup` attribute is deprecated. Please use `'airflow.sdk.TaskGroup'`.","category":"UserWarning","filename":"/opt/airflow/dags/j1_05_task_groups.py","lineno":2,"logger":"py.warnings"}
{"timestamp":"2026-04-07T05:48:03.908332Z","level":"info","event":"Filling up the DagBag from /opt/airflow/dags/j1_05_task_groups.py","logger":"airflow.dag_processing.dagbag.BundleDagBag","filename":"dagbag.py","lineno":469}
{"timestamp":"2026-04-07T05:48:03.997379Z","level":"warning","event":"The `airflow.decorators.dag` attribute is deprecated. Please use `'airflow.sdk.dag'`.","category":"UserWarning","filename":"/opt/airflow/dags/j1_05_task_groups.py","lineno":1,"logger":"py.warnings"}
{"timestamp":"2026-04-07T05:48:03.997699Z","level":"warning","event":"The `airflow.decorators.task` attribute is deprecated. Please use `'airflow.sdk.task'`.","category":"UserWarning","filename":"/opt/airflow/dags/j1_05_task_groups.py","lineno":1,"logger":"py.warnings"}
{"timestamp":"2026-04-07T05:48:03.997814Z","level":"warning","event":"The `airflow.utils.task_group.TaskGroup` attribute is deprecated. Please use `'airflow.sdk.TaskGroup'`.","category":"UserWarning","filename":"/opt/airflow/dags/j1_05_task_groups.py","lineno":2,"logger":"py.warnings"}
{"timestamp":"2026-04-07T05:48:34.144889Z","level":"info","event":"Filling up the DagBag from /opt/airflow/dags/j1_05_task_groups.py","logger":"airflow.dag_processing.dagbag.BundleDagBag","filename":"dagbag.py","lineno":469}
{"timestamp":"2026-04-07T05:48:34.325055Z","level":"warning","event":"The `airflow.decorators.dag` attribute is deprecated. Please use `'airflow.sdk.dag'`.","category":"UserWarning","filename":"/opt/airflow/dags/j1_05_task_groups.py","lineno":1,"logger":"py.warnings"}
{"timestamp":"2026-04-07T05:48:34.325506Z","level":"warning","event":"The `airflow.decorators.task` attribute is deprecated. Please use `'airflow.sdk.task'`.","category":"UserWarning","filename":"/opt/airflow/dags/j1_05_task_groups.py","lineno":1,"logger":"py.warnings"}
{"timestamp":"2026-04-07T05:48:34.325706Z","level":"warning","event":"The `airflow.utils.task_group.TaskGroup` attribute is deprecated. Please use `'airflow.sdk.TaskGroup'`.","category":"UserWarning","filename":"/opt/airflow/dags/j1_05_task_groups.py","lineno":2,"logger":"py.warnings"}
{"timestamp":"2026-04-07T05:49:05.193780Z","level":"info","event":"Filling up the DagBag from /opt/airflow/dags/j1_05_task_groups.py","logger":"airflow.dag_processing.dagbag.BundleDagBag","filename":"dagbag.py","lineno":469}
{"timestamp":"2026-04-07T05:49:05.391647Z","level":"warning","event":"The `airflow.decorators.dag` attribute is deprecated. Please use `'airflow.sdk.dag'`.","category":"UserWarning","filename":"/opt/airflow/dags/j1_05_task_groups.py","lineno":1,"logger":"py.warnings"}
{"timestamp":"2026-04-07T05:49:05.392090Z","level":"warning","event":"The `airflow.decorators.task` attribute is deprecated. Please use `'airflow.sdk.task'`.","category":"UserWarning","filename":"/opt/airflow/dags/j1_05_task_groups.py","lineno":1,"logger":"py.warnings"}
{"timestamp":"2026-04-07T05:49:05.392309Z","level":"warning","event":"The `airflow.utils.task_group.TaskGroup` attribute is deprecated. Please use `'airflow.sdk.TaskGroup'`.","category":"UserWarning","filename":"/opt/airflow/dags/j1_05_task_groups.py","lineno":2,"logger":"py.warnings"}
{"timestamp":"2026-04-07T05:49:35.985721Z","level":"info","event":"Filling up the DagBag from /opt/airflow/dags/j1_05_task_groups.py","logger":"airflow.dag_processing.dagbag.BundleDagBag","filename":"dagbag.py","lineno":469}
{"timestamp":"2026-04-07T05:49:36.188166Z","level":"warning","event":"The `airflow.decorators.dag` attribute is deprecated. Please use `'airflow.sdk.dag'`.","category":"UserWarning","filename":"/opt/airflow/dags/j1_05_task_groups.py","lineno":1,"logger":"py.warnings"}
{"timestamp":"2026-04-07T05:49:36.188759Z","level":"warning","event":"The `airflow.decorators.task` attribute is deprecated. Please use `'airflow.sdk.task'`.","category":"UserWarning","filename":"/opt/airflow/dags/j1_05_task_groups.py","lineno":1,"logger":"py.warnings"}
{"timestamp":"2026-04-07T05:49:36.189056Z","level":"warning","event":"The `airflow.utils.task_group.TaskGroup` attribute is deprecated. Please use `'airflow.sdk.TaskGroup'`.","category":"UserWarning","filename":"/opt/airflow/dags/j1_05_task_groups.py","lineno":2,"logger":"py.warnings"}
{"timestamp":"2026-04-07T05:50:06.743310Z","level":"info","event":"Filling up the DagBag from /opt/airflow/dags/j1_05_task_groups.py","logger":"airflow.dag_processing.dagbag.BundleDagBag","filename":"dagbag.py","lineno":469}
{"timestamp":"2026-04-07T05:50:06.956990Z","level":"warning","event":"The `airflow.decorators.dag` attribute is deprecated. Please use `'airflow.sdk.dag'`.","category":"UserWarning","filename":"/opt/airflow/dags/j1_05_task_groups.py","lineno":1,"logger":"py.warnings"}
{"timestamp":"2026-04-07T05:50:06.957378Z","level":"warning","event":"The `airflow.decorators.task` attribute is deprecated. Please use `'airflow.sdk.task'`.","category":"UserWarning","filename":"/opt/airflow/dags/j1_05_task_groups.py","lineno":1,"logger":"py.warnings"}
{"timestamp":"2026-04-07T05:50:06.957579Z","level":"warning","event":"The `airflow.utils.task_group.TaskGroup` attribute is deprecated. Please use `'airflow.sdk.TaskGroup'`.","category":"UserWarning","filename":"/opt/airflow/dags/j1_05_task_groups.py","lineno":2,"logger":"py.warnings"}
{"timestamp":"2026-04-07T05:50:37.425604Z","level":"info","event":"Filling up the DagBag from /opt/airflow/dags/j1_05_task_groups.py","logger":"airflow.dag_processing.dagbag.BundleDagBag","filename":"dagbag.py","lineno":469}
{"timestamp":"2026-04-07T05:50:37.614675Z","level":"warning","event":"The `airflow.decorators.dag` attribute is deprecated. Please use `'airflow.sdk.dag'`.","category":"UserWarning","filename":"/opt/airflow/dags/j1_05_task_groups.py","lineno":1,"logger":"py.warnings"}
{"timestamp":"2026-04-07T05:50:37.614962Z","level":"warning","event":"The `airflow.decorators.task` attribute is deprecated. Please use `'airflow.sdk.task'`.","category":"UserWarning","filename":"/opt/airflow/dags/j1_05_task_groups.py","lineno":1,"logger":"py.warnings"}
{"timestamp":"2026-04-07T05:50:37.615121Z","level":"warning","event":"The `airflow.utils.task_group.TaskGroup` attribute is deprecated. Please use `'airflow.sdk.TaskGroup'`.","category":"UserWarning","filename":"/opt/airflow/dags/j1_05_task_groups.py","lineno":2,"logger":"py.warnings"}
{"timestamp":"2026-04-07T05:51:10.213597Z","level":"info","event":"Filling up the DagBag from /opt/airflow/dags/j1_05_task_groups.py","logger":"airflow.dag_processing.dagbag.BundleDagBag","filename":"dagbag.py","lineno":469}
{"timestamp":"2026-04-07T05:51:10.425436Z","level":"warning","event":"The `airflow.decorators.dag` attribute is deprecated. Please use `'airflow.sdk.dag'`.","category":"UserWarning","filename":"/opt/airflow/dags/j1_05_task_groups.py","lineno":1,"logger":"py.warnings"}
{"timestamp":"2026-04-07T05:51:10.425836Z","level":"warning","event":"The `airflow.decorators.task` attribute is deprecated. Please use `'airflow.sdk.task'`.","category":"UserWarning","filename":"/opt/airflow/dags/j1_05_task_groups.py","lineno":1,"logger":"py.warnings"}
{"timestamp":"2026-04-07T05:51:10.426011Z","level":"warning","event":"The `airflow.utils.task_group.TaskGroup` attribute is deprecated. Please use `'airflow.sdk.TaskGroup'`.","category":"UserWarning","filename":"/opt/airflow/dags/j1_05_task_groups.py","lineno":2,"logger":"py.warnings"}
{"timestamp":"2026-04-07T05:51:40.781471Z","level":"info","event":"Filling up the DagBag from /opt/airflow/dags/j1_05_task_groups.py","logger":"airflow.dag_processing.dagbag.BundleDagBag","filename":"dagbag.py","lineno":469}
{"timestamp":"2026-04-07T05:51:41.386003Z","level":"warning","event":"The `airflow.decorators.dag` attribute is deprecated. Please use `'airflow.sdk.dag'`.","category":"UserWarning","filename":"/opt/airflow/dags/j1_05_task_groups.py","lineno":1,"logger":"py.warnings"}
{"timestamp":"2026-04-07T05:51:41.386441Z","level":"warning","event":"The `airflow.decorators.task` attribute is deprecated. Please use `'airflow.sdk.task'`.","category":"UserWarning","filename":"/opt/airflow/dags/j1_05_task_groups.py","lineno":1,"logger":"py.warnings"}
{"timestamp":"2026-04-07T05:51:41.386679Z","level":"warning","event":"The `airflow.utils.task_group.TaskGroup` attribute is deprecated. Please use `'airflow.sdk.TaskGroup'`.","category":"UserWarning","filename":"/opt/airflow/dags/j1_05_task_groups.py","lineno":2,"logger":"py.warnings"}
{"timestamp":"2026-04-07T05:52:12.439306Z","level":"info","event":"Filling up the DagBag from /opt/airflow/dags/j1_05_task_groups.py","logger":"airflow.dag_processing.dagbag.BundleDagBag","filename":"dagbag.py","lineno":469}
{"timestamp":"2026-04-07T05:52:12.673360Z","level":"warning","event":"The `airflow.decorators.dag` attribute is deprecated. Please use `'airflow.sdk.dag'`.","category":"UserWarning","filename":"/opt/airflow/dags/j1_05_task_groups.py","lineno":1,"logger":"py.warnings"}
{"timestamp":"2026-04-07T05:52:12.673806Z","level":"warning","event":"The `airflow.decorators.task` attribute is deprecated. Please use `'airflow.sdk.task'`.","category":"UserWarning","filename":"/opt/airflow/dags/j1_05_task_groups.py","lineno":1,"logger":"py.warnings"}
{"timestamp":"2026-04-07T05:52:12.674004Z","level":"warning","event":"The `airflow.utils.task_group.TaskGroup` attribute is deprecated. Please use `'airflow.sdk.TaskGroup'`.","category":"UserWarning","filename":"/opt/airflow/dags/j1_05_task_groups.py","lineno":2,"logger":"py.warnings"}
{"timestamp":"2026-04-07T05:52:43.424432Z","level":"info","event":"Filling up the DagBag from /opt/airflow/dags/j1_05_task_groups.py","logger":"airflow.dag_processing.dagbag.BundleDagBag","filename":"dagbag.py","lineno":469}
{"timestamp":"2026-04-07T05:52:43.573283Z","level":"warning","event":"The `airflow.decorators.dag` attribute is deprecated. Please use `'airflow.sdk.dag'`.","category":"UserWarning","filename":"/opt/airflow/dags/j1_05_task_groups.py","lineno":1,"logger":"py.warnings"}
{"timestamp":"2026-04-07T05:52:43.573653Z","level":"warning","event":"The `airflow.decorators.task` attribute is deprecated. Please use `'airflow.sdk.task'`.","category":"UserWarning","filename":"/opt/airflow/dags/j1_05_task_groups.py","lineno":1,"logger":"py.warnings"}
{"timestamp":"2026-04-07T05:52:43.573862Z","level":"warning","event":"The `airflow.utils.task_group.TaskGroup` attribute is deprecated. Please use `'airflow.sdk.TaskGroup'`.","category":"UserWarning","filename":"/opt/airflow/dags/j1_05_task_groups.py","lineno":2,"logger":"py.warnings"}
{"timestamp":"2026-04-07T05:53:13.896688Z","level":"info","event":"Filling up the DagBag from /opt/airflow/dags/j1_05_task_groups.py","logger":"airflow.dag_processing.dagbag.BundleDagBag","filename":"dagbag.py","lineno":469}
{"timestamp":"2026-04-07T05:53:14.141718Z","level":"warning","event":"The `airflow.decorators.dag` attribute is deprecated. Please use `'airflow.sdk.dag'`.","category":"UserWarning","filename":"/opt/airflow/dags/j1_05_task_groups.py","lineno":1,"logger":"py.warnings"}
{"timestamp":"2026-04-07T05:53:14.142351Z","level":"warning","event":"The `airflow.decorators.task` attribute is deprecated. Please use `'airflow.sdk.task'`.","category":"UserWarning","filename":"/opt/airflow/dags/j1_05_task_groups.py","lineno":1,"logger":"py.warnings"}
{"timestamp":"2026-04-07T05:53:14.142700Z","level":"warning","event":"The `airflow.utils.task_group.TaskGroup` attribute is deprecated. Please use `'airflow.sdk.TaskGroup'`.","category":"UserWarning","filename":"/opt/airflow/dags/j1_05_task_groups.py","lineno":2,"logger":"py.warnings"}
{"timestamp":"2026-04-07T05:53:44.544717Z","level":"info","event":"Filling up the DagBag from /opt/airflow/dags/j1_05_task_groups.py","logger":"airflow.dag_processing.dagbag.BundleDagBag","filename":"dagbag.py","lineno":469}
{"timestamp":"2026-04-07T05:53:44.846261Z","level":"warning","event":"The `airflow.decorators.dag` attribute is deprecated. Please use `'airflow.sdk.dag'`.","category":"UserWarning","filename":"/opt/airflow/dags/j1_05_task_groups.py","lineno":1,"logger":"py.warnings"}
{"timestamp":"2026-04-07T05:53:44.848551Z","level":"warning","event":"The `airflow.decorators.task` attribute is deprecated. Please use `'airflow.sdk.task'`.","category":"UserWarning","filename":"/opt/airflow/dags/j1_05_task_groups.py","lineno":1,"logger":"py.warnings"}
{"timestamp":"2026-04-07T05:53:44.850770Z","level":"warning","event":"The `airflow.utils.task_group.TaskGroup` attribute is deprecated. Please use `'airflow.sdk.TaskGroup'`.","category":"UserWarning","filename":"/opt/airflow/dags/j1_05_task_groups.py","lineno":2,"logger":"py.warnings"}
{"timestamp":"2026-04-07T05:54:15.256862Z","level":"info","event":"Filling up the DagBag from /opt/airflow/dags/j1_05_task_groups.py","logger":"airflow.dag_processing.dagbag.BundleDagBag","filename":"dagbag.py","lineno":469}
{"timestamp":"2026-04-07T05:54:15.367757Z","level":"warning","event":"The `airflow.decorators.dag` attribute is deprecated. Please use `'airflow.sdk.dag'`.","category":"UserWarning","filename":"/opt/airflow/dags/j1_05_task_groups.py","lineno":1,"logger":"py.warnings"}
{"timestamp":"2026-04-07T05:54:15.368004Z","level":"warning","event":"The `airflow.decorators.task` attribute is deprecated. Please use `'airflow.sdk.task'`.","category":"UserWarning","filename":"/opt/airflow/dags/j1_05_task_groups.py","lineno":1,"logger":"py.warnings"}
{"timestamp":"2026-04-07T05:54:15.368120Z","level":"warning","event":"The `airflow.utils.task_group.TaskGroup` attribute is deprecated. Please use `'airflow.sdk.TaskGroup'`.","category":"UserWarning","filename":"/opt/airflow/dags/j1_05_task_groups.py","lineno":2,"logger":"py.warnings"}
{"timestamp":"2026-04-07T05:54:45.561093Z","level":"info","event":"Filling up the DagBag from /opt/airflow/dags/j1_05_task_groups.py","logger":"airflow.dag_processing.dagbag.BundleDagBag","filename":"dagbag.py","lineno":469}
{"timestamp":"2026-04-07T05:54:45.655786Z","level":"warning","event":"The `airflow.decorators.dag` attribute is deprecated. Please use `'airflow.sdk.dag'`.","category":"UserWarning","filename":"/opt/airflow/dags/j1_05_task_groups.py","lineno":1,"logger":"py.warnings"}
{"timestamp":"2026-04-07T05:54:45.656076Z","level":"warning","event":"The `airflow.decorators.task` attribute is deprecated. Please use `'airflow.sdk.task'`.","category":"UserWarning","filename":"/opt/airflow/dags/j1_05_task_groups.py","lineno":1,"logger":"py.warnings"}
{"timestamp":"2026-04-07T05:54:45.656187Z","level":"warning","event":"The `airflow.utils.task_group.TaskGroup` attribute is deprecated. Please use `'airflow.sdk.TaskGroup'`.","category":"UserWarning","filename":"/opt/airflow/dags/j1_05_task_groups.py","lineno":2,"logger":"py.warnings"}
{"timestamp":"2026-04-07T05:55:16.188139Z","level":"info","event":"Filling up the DagBag from /opt/airflow/dags/j1_05_task_groups.py","logger":"airflow.dag_processing.dagbag.BundleDagBag","filename":"dagbag.py","lineno":469}
{"timestamp":"2026-04-07T05:55:16.311331Z","level":"warning","event":"The `airflow.decorators.dag` attribute is deprecated. Please use `'airflow.sdk.dag'`.","category":"UserWarning","filename":"/opt/airflow/dags/j1_05_task_groups.py","lineno":1,"logger":"py.warnings"}
{"timestamp":"2026-04-07T05:55:16.311907Z","level":"warning","event":"The `airflow.decorators.task` attribute is deprecated. Please use `'airflow.sdk.task'`.","category":"UserWarning","filename":"/opt/airflow/dags/j1_05_task_groups.py","lineno":1,"logger":"py.warnings"}
{"timestamp":"2026-04-07T05:55:16.312144Z","level":"warning","event":"The `airflow.utils.task_group.TaskGroup` attribute is deprecated. Please use `'airflow.sdk.TaskGroup'`.","category":"UserWarning","filename":"/opt/airflow/dags/j1_05_task_groups.py","lineno":2,"logger":"py.warnings"}
{"timestamp":"2026-04-07T05:55:46.649369Z","level":"info","event":"Filling up the DagBag from /opt/airflow/dags/j1_05_task_groups.py","logger":"airflow.dag_processing.dagbag.BundleDagBag","filename":"dagbag.py","lineno":469}
{"timestamp":"2026-04-07T05:55:46.808764Z","level":"warning","event":"The `airflow.decorators.dag` attribute is deprecated. Please use `'airflow.sdk.dag'`.","category":"UserWarning","filename":"/opt/airflow/dags/j1_05_task_groups.py","lineno":1,"logger":"py.warnings"}
{"timestamp":"2026-04-07T05:55:46.809015Z","level":"warning","event":"The `airflow.decorators.task` attribute is deprecated. Please use `'airflow.sdk.task'`.","category":"UserWarning","filename":"/opt/airflow/dags/j1_05_task_groups.py","lineno":1,"logger":"py.warnings"}
{"timestamp":"2026-04-07T05:55:46.809241Z","level":"warning","event":"The `airflow.utils.task_group.TaskGroup` attribute is deprecated. Please use `'airflow.sdk.TaskGroup'`.","category":"UserWarning","filename":"/opt/airflow/dags/j1_05_task_groups.py","lineno":2,"logger":"py.warnings"}
{"timestamp":"2026-04-07T05:56:17.727649Z","level":"info","event":"Filling up the DagBag from /opt/airflow/dags/j1_05_task_groups.py","logger":"airflow.dag_processing.dagbag.BundleDagBag","filename":"dagbag.py","lineno":469}
{"timestamp":"2026-04-07T05:56:17.823614Z","level":"warning","event":"The `airflow.decorators.dag` attribute is deprecated. Please use `'airflow.sdk.dag'`.","category":"UserWarning","filename":"/opt/airflow/dags/j1_05_task_groups.py","lineno":1,"logger":"py.warnings"}
{"timestamp":"2026-04-07T05:56:17.823861Z","level":"warning","event":"The `airflow.decorators.task` attribute is deprecated. Please use `'airflow.sdk.task'`.","category":"UserWarning","filename":"/opt/airflow/dags/j1_05_task_groups.py","lineno":1,"logger":"py.warnings"}
{"timestamp":"2026-04-07T05:56:17.823974Z","level":"warning","event":"The `airflow.utils.task_group.TaskGroup` attribute is deprecated. Please use `'airflow.sdk.TaskGroup'`.","category":"UserWarning","filename":"/opt/airflow/dags/j1_05_task_groups.py","lineno":2,"logger":"py.warnings"}
{"timestamp":"2026-04-07T05:56:48.318393Z","level":"info","event":"Filling up the DagBag from /opt/airflow/dags/j1_05_task_groups.py","logger":"airflow.dag_processing.dagbag.BundleDagBag","filename":"dagbag.py","lineno":469}
{"timestamp":"2026-04-07T05:56:48.575412Z","level":"warning","event":"The `airflow.decorators.dag` attribute is deprecated. Please use `'airflow.sdk.dag'`.","category":"UserWarning","filename":"/opt/airflow/dags/j1_05_task_groups.py","lineno":1,"logger":"py.warnings"}
{"timestamp":"2026-04-07T05:56:48.575838Z","level":"warning","event":"The `airflow.decorators.task` attribute is deprecated. Please use `'airflow.sdk.task'`.","category":"UserWarning","filename":"/opt/airflow/dags/j1_05_task_groups.py","lineno":1,"logger":"py.warnings"}
{"timestamp":"2026-04-07T05:56:48.576052Z","level":"warning","event":"The `airflow.utils.task_group.TaskGroup` attribute is deprecated. Please use `'airflow.sdk.TaskGroup'`.","category":"UserWarning","filename":"/opt/airflow/dags/j1_05_task_groups.py","lineno":2,"logger":"py.warnings"}
{"timestamp":"2026-04-07T05:57:18.920473Z","level":"info","event":"Filling up the DagBag from /opt/airflow/dags/j1_05_task_groups.py","logger":"airflow.dag_processing.dagbag.BundleDagBag","filename":"dagbag.py","lineno":469}
{"timestamp":"2026-04-07T05:57:19.067771Z","level":"warning","event":"The `airflow.decorators.dag` attribute is deprecated. Please use `'airflow.sdk.dag'`.","category":"UserWarning","filename":"/opt/airflow/dags/j1_05_task_groups.py","lineno":1,"logger":"py.warnings"}
{"timestamp":"2026-04-07T05:57:19.068127Z","level":"warning","event":"The `airflow.decorators.task` attribute is deprecated. Please use `'airflow.sdk.task'`.","category":"UserWarning","filename":"/opt/airflow/dags/j1_05_task_groups.py","lineno":1,"logger":"py.warnings"}
{"timestamp":"2026-04-07T05:57:19.068305Z","level":"warning","event":"The `airflow.utils.task_group.TaskGroup` attribute is deprecated. Please use `'airflow.sdk.TaskGroup'`.","category":"UserWarning","filename":"/opt/airflow/dags/j1_05_task_groups.py","lineno":2,"logger":"py.warnings"}
{"timestamp":"2026-04-07T05:57:49.980686Z","level":"info","event":"Filling up the DagBag from /opt/airflow/dags/j1_05_task_groups.py","logger":"airflow.dag_processing.dagbag.BundleDagBag","filename":"dagbag.py","lineno":469}
{"timestamp":"2026-04-07T05:57:50.110693Z","level":"warning","event":"The `airflow.decorators.dag` attribute is deprecated. Please use `'airflow.sdk.dag'`.","category":"UserWarning","filename":"/opt/airflow/dags/j1_05_task_groups.py","lineno":1,"logger":"py.warnings"}
{"timestamp":"2026-04-07T05:57:50.110997Z","level":"warning","event":"The `airflow.decorators.task` attribute is deprecated. Please use `'airflow.sdk.task'`.","category":"UserWarning","filename":"/opt/airflow/dags/j1_05_task_groups.py","lineno":1,"logger":"py.warnings"}
{"timestamp":"2026-04-07T05:57:50.111120Z","level":"warning","event":"The `airflow.utils.task_group.TaskGroup` attribute is deprecated. Please use `'airflow.sdk.TaskGroup'`.","category":"UserWarning","filename":"/opt/airflow/dags/j1_05_task_groups.py","lineno":2,"logger":"py.warnings"}
{"timestamp":"2026-04-07T05:58:20.842349Z","level":"info","event":"Filling up the DagBag from /opt/airflow/dags/j1_05_task_groups.py","logger":"airflow.dag_processing.dagbag.BundleDagBag","filename":"dagbag.py","lineno":469}
{"timestamp":"2026-04-07T05:58:20.943092Z","level":"warning","event":"The `airflow.decorators.dag` attribute is deprecated. Please use `'airflow.sdk.dag'`.","category":"UserWarning","filename":"/opt/airflow/dags/j1_05_task_groups.py","lineno":1,"logger":"py.warnings"}
{"timestamp":"2026-04-07T05:58:20.943326Z","level":"warning","event":"The `airflow.decorators.task` attribute is deprecated. Please use `'airflow.sdk.task'`.","category":"UserWarning","filename":"/opt/airflow/dags/j1_05_task_groups.py","lineno":1,"logger":"py.warnings"}
{"timestamp":"2026-04-07T05:58:20.943432Z","level":"warning","event":"The `airflow.utils.task_group.TaskGroup` attribute is deprecated. Please use `'airflow.sdk.TaskGroup'`.","category":"UserWarning","filename":"/opt/airflow/dags/j1_05_task_groups.py","lineno":2,"logger":"py.warnings"}
{"timestamp":"2026-04-07T05:58:51.881160Z","level":"info","event":"Filling up the DagBag from /opt/airflow/dags/j1_05_task_groups.py","logger":"airflow.dag_processing.dagbag.BundleDagBag","filename":"dagbag.py","lineno":469}
{"timestamp":"2026-04-07T05:58:51.964635Z","level":"warning","event":"The `airflow.decorators.dag` attribute is deprecated. Please use `'airflow.sdk.dag'`.","category":"UserWarning","filename":"/opt/airflow/dags/j1_05_task_groups.py","lineno":1,"logger":"py.warnings"}
{"timestamp":"2026-04-07T05:58:51.964844Z","level":"warning","event":"The `airflow.decorators.task` attribute is deprecated. Please use `'airflow.sdk.task'`.","category":"UserWarning","filename":"/opt/airflow/dags/j1_05_task_groups.py","lineno":1,"logger":"py.warnings"}
{"timestamp":"2026-04-07T05:58:51.964960Z","level":"warning","event":"The `airflow.utils.task_group.TaskGroup` attribute is deprecated. Please use `'airflow.sdk.TaskGroup'`.","category":"UserWarning","filename":"/opt/airflow/dags/j1_05_task_groups.py","lineno":2,"logger":"py.warnings"}
{"timestamp":"2026-04-07T05:59:22.907252Z","level":"info","event":"Filling up the DagBag from /opt/airflow/dags/j1_05_task_groups.py","logger":"airflow.dag_processing.dagbag.BundleDagBag","filename":"dagbag.py","lineno":469}
{"timestamp":"2026-04-07T05:59:23.004834Z","level":"warning","event":"The `airflow.decorators.dag` attribute is deprecated. Please use `'airflow.sdk.dag'`.","category":"UserWarning","filename":"/opt/airflow/dags/j1_05_task_groups.py","lineno":1,"logger":"py.warnings"}
{"timestamp":"2026-04-07T05:59:23.005069Z","level":"warning","event":"The `airflow.decorators.task` attribute is deprecated. Please use `'airflow.sdk.task'`.","category":"UserWarning","filename":"/opt/airflow/dags/j1_05_task_groups.py","lineno":1,"logger":"py.warnings"}
{"timestamp":"2026-04-07T05:59:23.005165Z","level":"warning","event":"The `airflow.utils.task_group.TaskGroup` attribute is deprecated. Please use `'airflow.sdk.TaskGroup'`.","category":"UserWarning","filename":"/opt/airflow/dags/j1_05_task_groups.py","lineno":2,"logger":"py.warnings"}
{"timestamp":"2026-04-07T05:59:53.153571Z","level":"info","event":"Filling up the DagBag from /opt/airflow/dags/j1_05_task_groups.py","logger":"airflow.dag_processing.dagbag.BundleDagBag","filename":"dagbag.py","lineno":469}
{"timestamp":"2026-04-07T05:59:53.242041Z","level":"warning","event":"The `airflow.decorators.dag` attribute is deprecated. Please use `'airflow.sdk.dag'`.","category":"UserWarning","filename":"/opt/airflow/dags/j1_05_task_groups.py","lineno":1,"logger":"py.warnings"}
{"timestamp":"2026-04-07T05:59:53.242270Z","level":"warning","event":"The `airflow.decorators.task` attribute is deprecated. Please use `'airflow.sdk.task'`.","category":"UserWarning","filename":"/opt/airflow/dags/j1_05_task_groups.py","lineno":1,"logger":"py.warnings"}
{"timestamp":"2026-04-07T05:59:53.242369Z","level":"warning","event":"The `airflow.utils.task_group.TaskGroup` attribute is deprecated. Please use `'airflow.sdk.TaskGroup'`.","category":"UserWarning","filename":"/opt/airflow/dags/j1_05_task_groups.py","lineno":2,"logger":"py.warnings"}
{"timestamp":"2026-04-07T06:00:23.636265Z","level":"info","event":"Filling up the DagBag from /opt/airflow/dags/j1_05_task_groups.py","logger":"airflow.dag_processing.dagbag.BundleDagBag","filename":"dagbag.py","lineno":469}
{"timestamp":"2026-04-07T06:00:23.746283Z","level":"warning","event":"The `airflow.decorators.dag` attribute is deprecated. Please use `'airflow.sdk.dag'`.","category":"UserWarning","filename":"/opt/airflow/dags/j1_05_task_groups.py","lineno":1,"logger":"py.warnings"}
{"timestamp":"2026-04-07T06:00:23.746599Z","level":"warning","event":"The `airflow.decorators.task` attribute is deprecated. Please use `'airflow.sdk.task'`.","category":"UserWarning","filename":"/opt/airflow/dags/j1_05_task_groups.py","lineno":1,"logger":"py.warnings"}
{"timestamp":"2026-04-07T06:00:23.746756Z","level":"warning","event":"The `airflow.utils.task_group.TaskGroup` attribute is deprecated. Please use `'airflow.sdk.TaskGroup'`.","category":"UserWarning","filename":"/opt/airflow/dags/j1_05_task_groups.py","lineno":2,"logger":"py.warnings"}
{"timestamp":"2026-04-07T06:00:54.190853Z","level":"info","event":"Filling up the DagBag from /opt/airflow/dags/j1_05_task_groups.py","logger":"airflow.dag_processing.dagbag.BundleDagBag","filename":"dagbag.py","lineno":469}
{"timestamp":"2026-04-07T06:00:54.353984Z","level":"warning","event":"The `airflow.decorators.dag` attribute is deprecated. Please use `'airflow.sdk.dag'`.","category":"UserWarning","filename":"/opt/airflow/dags/j1_05_task_groups.py","lineno":1,"logger":"py.warnings"}
{"timestamp":"2026-04-07T06:00:54.354303Z","level":"warning","event":"The `airflow.decorators.task` attribute is deprecated. Please use `'airflow.sdk.task'`.","category":"UserWarning","filename":"/opt/airflow/dags/j1_05_task_groups.py","lineno":1,"logger":"py.warnings"}
{"timestamp":"2026-04-07T06:00:54.354531Z","level":"warning","event":"The `airflow.utils.task_group.TaskGroup` attribute is deprecated. Please use `'airflow.sdk.TaskGroup'`.","category":"UserWarning","filename":"/opt/airflow/dags/j1_05_task_groups.py","lineno":2,"logger":"py.warnings"}
{"timestamp":"2026-04-07T06:01:22.923104Z","level":"info","event":"Filling up the DagBag from /opt/airflow/dags/j1_05_task_groups.py","logger":"airflow.dag_processing.dagbag.BundleDagBag","filename":"dagbag.py","lineno":469}
{"timestamp":"2026-04-07T06:01:23.019922Z","level":"warning","event":"The `airflow.decorators.dag` attribute is deprecated. Please use `'airflow.sdk.dag'`.","category":"UserWarning","filename":"/opt/airflow/dags/j1_05_task_groups.py","lineno":1,"logger":"py.warnings"}
{"timestamp":"2026-04-07T06:01:23.020297Z","level":"warning","event":"The `airflow.decorators.task` attribute is deprecated. Please use `'airflow.sdk.task'`.","category":"UserWarning","filename":"/opt/airflow/dags/j1_05_task_groups.py","lineno":1,"logger":"py.warnings"}
{"timestamp":"2026-04-07T06:01:23.020539Z","level":"warning","event":"The `airflow.utils.task_group.TaskGroup` attribute is deprecated. Please use `'airflow.sdk.TaskGroup'`.","category":"UserWarning","filename":"/opt/airflow/dags/j1_05_task_groups.py","lineno":2,"logger":"py.warnings"}
{"timestamp":"2026-04-07T06:01:53.202019Z","level":"info","event":"Filling up the DagBag from /opt/airflow/dags/j1_05_task_groups.py","logger":"airflow.dag_processing.dagbag.BundleDagBag","filename":"dagbag.py","lineno":469}
{"timestamp":"2026-04-07T06:01:53.273534Z","level":"warning","event":"The `airflow.decorators.dag` attribute is deprecated. Please use `'airflow.sdk.dag'`.","category":"UserWarning","filename":"/opt/airflow/dags/j1_05_task_groups.py","lineno":1,"logger":"py.warnings"}
{"timestamp":"2026-04-07T06:01:53.273789Z","level":"warning","event":"The `airflow.decorators.task` attribute is deprecated. Please use `'airflow.sdk.task'`.","category":"UserWarning","filename":"/opt/airflow/dags/j1_05_task_groups.py","lineno":1,"logger":"py.warnings"}
{"timestamp":"2026-04-07T06:01:53.273883Z","level":"warning","event":"The `airflow.utils.task_group.TaskGroup` attribute is deprecated. Please use `'airflow.sdk.TaskGroup'`.","category":"UserWarning","filename":"/opt/airflow/dags/j1_05_task_groups.py","lineno":2,"logger":"py.warnings"}
{"timestamp":"2026-04-07T06:02:23.745237Z","level":"info","event":"Filling up the DagBag from /opt/airflow/dags/j1_05_task_groups.py","logger":"airflow.dag_processing.dagbag.BundleDagBag","filename":"dagbag.py","lineno":469}
{"timestamp":"2026-04-07T06:02:23.825653Z","level":"warning","event":"The `airflow.decorators.dag` attribute is deprecated. Please use `'airflow.sdk.dag'`.","category":"UserWarning","filename":"/opt/airflow/dags/j1_05_task_groups.py","lineno":1,"logger":"py.warnings"}
{"timestamp":"2026-04-07T06:02:23.825935Z","level":"warning","event":"The `airflow.decorators.task` attribute is deprecated. Please use `'airflow.sdk.task'`.","category":"UserWarning","filename":"/opt/airflow/dags/j1_05_task_groups.py","lineno":1,"logger":"py.warnings"}
{"timestamp":"2026-04-07T06:02:23.826073Z","level":"warning","event":"The `airflow.utils.task_group.TaskGroup` attribute is deprecated. Please use `'airflow.sdk.TaskGroup'`.","category":"UserWarning","filename":"/opt/airflow/dags/j1_05_task_groups.py","lineno":2,"logger":"py.warnings"}
{"timestamp":"2026-04-07T06:02:54.737609Z","level":"info","event":"Filling up the DagBag from /opt/airflow/dags/j1_05_task_groups.py","logger":"airflow.dag_processing.dagbag.BundleDagBag","filename":"dagbag.py","lineno":469}
{"timestamp":"2026-04-07T06:02:54.836520Z","level":"warning","event":"The `airflow.decorators.dag` attribute is deprecated. Please use `'airflow.sdk.dag'`.","category":"UserWarning","filename":"/opt/airflow/dags/j1_05_task_groups.py","lineno":1,"logger":"py.warnings"}
{"timestamp":"2026-04-07T06:02:54.836754Z","level":"warning","event":"The `airflow.decorators.task` attribute is deprecated. Please use `'airflow.sdk.task'`.","category":"UserWarning","filename":"/opt/airflow/dags/j1_05_task_groups.py","lineno":1,"logger":"py.warnings"}
{"timestamp":"2026-04-07T06:02:54.836929Z","level":"warning","event":"The `airflow.utils.task_group.TaskGroup` attribute is deprecated. Please use `'airflow.sdk.TaskGroup'`.","category":"UserWarning","filename":"/opt/airflow/dags/j1_05_task_groups.py","lineno":2,"logger":"py.warnings"}
{"timestamp":"2026-04-07T06:03:25.144371Z","level":"info","event":"Filling up the DagBag from /opt/airflow/dags/j1_05_task_groups.py","logger":"airflow.dag_processing.dagbag.BundleDagBag","filename":"dagbag.py","lineno":469}
{"timestamp":"2026-04-07T06:03:25.259915Z","level":"warning","event":"The `airflow.decorators.dag` attribute is deprecated. Please use `'airflow.sdk.dag'`.","category":"UserWarning","filename":"/opt/airflow/dags/j1_05_task_groups.py","lineno":1,"logger":"py.warnings"}
{"timestamp":"2026-04-07T06:03:25.260194Z","level":"warning","event":"The `airflow.decorators.task` attribute is deprecated. Please use `'airflow.sdk.task'`.","category":"UserWarning","filename":"/opt/airflow/dags/j1_05_task_groups.py","lineno":1,"logger":"py.warnings"}
{"timestamp":"2026-04-07T06:03:25.260296Z","level":"warning","event":"The `airflow.utils.task_group.TaskGroup` attribute is deprecated. Please use `'airflow.sdk.TaskGroup'`.","category":"UserWarning","filename":"/opt/airflow/dags/j1_05_task_groups.py","lineno":2,"logger":"py.warnings"}
{"timestamp":"2026-04-07T06:03:56.148796Z","level":"info","event":"Filling up the DagBag from /opt/airflow/dags/j1_05_task_groups.py","logger":"airflow.dag_processing.dagbag.BundleDagBag","filename":"dagbag.py","lineno":469}
{"timestamp":"2026-04-07T06:03:56.214107Z","level":"warning","event":"The `airflow.decorators.dag` attribute is deprecated. Please use `'airflow.sdk.dag'`.","category":"UserWarning","filename":"/opt/airflow/dags/j1_05_task_groups.py","lineno":1,"logger":"py.warnings"}
{"timestamp":"2026-04-07T06:03:56.214350Z","level":"warning","event":"The `airflow.decorators.task` attribute is deprecated. Please use `'airflow.sdk.task'`.","category":"UserWarning","filename":"/opt/airflow/dags/j1_05_task_groups.py","lineno":1,"logger":"py.warnings"}
{"timestamp":"2026-04-07T06:03:56.214731Z","level":"warning","event":"The `airflow.utils.task_group.TaskGroup` attribute is deprecated. Please use `'airflow.sdk.TaskGroup'`.","category":"UserWarning","filename":"/opt/airflow/dags/j1_05_task_groups.py","lineno":2,"logger":"py.warnings"}
{"timestamp":"2026-04-07T06:04:26.957205Z","level":"info","event":"Filling up the DagBag from /opt/airflow/dags/j1_05_task_groups.py","logger":"airflow.dag_processing.dagbag.BundleDagBag","filename":"dagbag.py","lineno":469}
{"timestamp":"2026-04-07T06:04:27.057646Z","level":"warning","event":"The `airflow.decorators.dag` attribute is deprecated. Please use `'airflow.sdk.dag'`.","category":"UserWarning","filename":"/opt/airflow/dags/j1_05_task_groups.py","lineno":1,"logger":"py.warnings"}
{"timestamp":"2026-04-07T06:04:27.058152Z","level":"warning","event":"The `airflow.decorators.task` attribute is deprecated. Please use `'airflow.sdk.task'`.","category":"UserWarning","filename":"/opt/airflow/dags/j1_05_task_groups.py","lineno":1,"logger":"py.warnings"}
{"timestamp":"2026-04-07T06:04:27.058438Z","level":"warning","event":"The `airflow.utils.task_group.TaskGroup` attribute is deprecated. Please use `'airflow.sdk.TaskGroup'`.","category":"UserWarning","filename":"/opt/airflow/dags/j1_05_task_groups.py","lineno":2,"logger":"py.warnings"}
{"timestamp":"2026-04-07T06:04:57.278513Z","level":"info","event":"Filling up the DagBag from /opt/airflow/dags/j1_05_task_groups.py","logger":"airflow.dag_processing.dagbag.BundleDagBag","filename":"dagbag.py","lineno":469}
{"timestamp":"2026-04-07T06:04:57.376547Z","level":"warning","event":"The `airflow.decorators.dag` attribute is deprecated. Please use `'airflow.sdk.dag'`.","category":"UserWarning","filename":"/opt/airflow/dags/j1_05_task_groups.py","lineno":1,"logger":"py.warnings"}
{"timestamp":"2026-04-07T06:04:57.377012Z","level":"warning","event":"The `airflow.decorators.task` attribute is deprecated. Please use `'airflow.sdk.task'`.","category":"UserWarning","filename":"/opt/airflow/dags/j1_05_task_groups.py","lineno":1,"logger":"py.warnings"}
{"timestamp":"2026-04-07T06:04:57.377167Z","level":"warning","event":"The `airflow.utils.task_group.TaskGroup` attribute is deprecated. Please use `'airflow.sdk.TaskGroup'`.","category":"UserWarning","filename":"/opt/airflow/dags/j1_05_task_groups.py","lineno":2,"logger":"py.warnings"}
{"timestamp":"2026-04-07T06:05:27.564144Z","level":"info","event":"Filling up the DagBag from /opt/airflow/dags/j1_05_task_groups.py","logger":"airflow.dag_processing.dagbag.BundleDagBag","filename":"dagbag.py","lineno":469}
{"timestamp":"2026-04-07T06:05:27.652323Z","level":"warning","event":"The `airflow.decorators.dag` attribute is deprecated. Please use `'airflow.sdk.dag'`.","category":"UserWarning","filename":"/opt/airflow/dags/j1_05_task_groups.py","lineno":1,"logger":"py.warnings"}
{"timestamp":"2026-04-07T06:05:27.652610Z","level":"warning","event":"The `airflow.decorators.task` attribute is deprecated. Please use `'airflow.sdk.task'`.","category":"UserWarning","filename":"/opt/airflow/dags/j1_05_task_groups.py","lineno":1,"logger":"py.warnings"}
{"timestamp":"2026-04-07T06:05:27.652758Z","level":"warning","event":"The `airflow.utils.task_group.TaskGroup` attribute is deprecated. Please use `'airflow.sdk.TaskGroup'`.","category":"UserWarning","filename":"/opt/airflow/dags/j1_05_task_groups.py","lineno":2,"logger":"py.warnings"}
{"timestamp":"2026-04-07T06:05:58.549063Z","level":"info","event":"Filling up the DagBag from /opt/airflow/dags/j1_05_task_groups.py","logger":"airflow.dag_processing.dagbag.BundleDagBag","filename":"dagbag.py","lineno":469}
{"timestamp":"2026-04-07T06:05:58.630455Z","level":"warning","event":"The `airflow.decorators.dag` attribute is deprecated. Please use `'airflow.sdk.dag'`.","category":"UserWarning","filename":"/opt/airflow/dags/j1_05_task_groups.py","lineno":1,"logger":"py.warnings"}
{"timestamp":"2026-04-07T06:05:58.630686Z","level":"warning","event":"The `airflow.decorators.task` attribute is deprecated. Please use `'airflow.sdk.task'`.","category":"UserWarning","filename":"/opt/airflow/dags/j1_05_task_groups.py","lineno":1,"logger":"py.warnings"}
{"timestamp":"2026-04-07T06:05:58.630807Z","level":"warning","event":"The `airflow.utils.task_group.TaskGroup` attribute is deprecated. Please use `'airflow.sdk.TaskGroup'`.","category":"UserWarning","filename":"/opt/airflow/dags/j1_05_task_groups.py","lineno":2,"logger":"py.warnings"}
{"timestamp":"2026-04-07T06:06:29.625062Z","level":"info","event":"Filling up the DagBag from /opt/airflow/dags/j1_05_task_groups.py","logger":"airflow.dag_processing.dagbag.BundleDagBag","filename":"dagbag.py","lineno":469}
{"timestamp":"2026-04-07T06:06:29.753319Z","level":"warning","event":"The `airflow.decorators.dag` attribute is deprecated. Please use `'airflow.sdk.dag'`.","category":"UserWarning","filename":"/opt/airflow/dags/j1_05_task_groups.py","lineno":1,"logger":"py.warnings"}
{"timestamp":"2026-04-07T06:06:29.753650Z","level":"warning","event":"The `airflow.decorators.task` attribute is deprecated. Please use `'airflow.sdk.task'`.","category":"UserWarning","filename":"/opt/airflow/dags/j1_05_task_groups.py","lineno":1,"logger":"py.warnings"}
{"timestamp":"2026-04-07T06:06:29.753821Z","level":"warning","event":"The `airflow.utils.task_group.TaskGroup` attribute is deprecated. Please use `'airflow.sdk.TaskGroup'`.","category":"UserWarning","filename":"/opt/airflow/dags/j1_05_task_groups.py","lineno":2,"logger":"py.warnings"}
{"timestamp":"2026-04-07T06:07:00.316787Z","level":"info","event":"Filling up the DagBag from /opt/airflow/dags/j1_05_task_groups.py","logger":"airflow.dag_processing.dagbag.BundleDagBag","filename":"dagbag.py","lineno":469}
{"timestamp":"2026-04-07T06:07:00.426648Z","level":"warning","event":"The `airflow.decorators.dag` attribute is deprecated. Please use `'airflow.sdk.dag'`.","category":"UserWarning","filename":"/opt/airflow/dags/j1_05_task_groups.py","lineno":1,"logger":"py.warnings"}
{"timestamp":"2026-04-07T06:07:00.426878Z","level":"warning","event":"The `airflow.decorators.task` attribute is deprecated. Please use `'airflow.sdk.task'`.","category":"UserWarning","filename":"/opt/airflow/dags/j1_05_task_groups.py","lineno":1,"logger":"py.warnings"}
{"timestamp":"2026-04-07T06:07:00.426972Z","level":"warning","event":"The `airflow.utils.task_group.TaskGroup` attribute is deprecated. Please use `'airflow.sdk.TaskGroup'`.","category":"UserWarning","filename":"/opt/airflow/dags/j1_05_task_groups.py","lineno":2,"logger":"py.warnings"}
{"timestamp":"2026-04-07T06:07:31.108588Z","level":"info","event":"Filling up the DagBag from /opt/airflow/dags/j1_05_task_groups.py","logger":"airflow.dag_processing.dagbag.BundleDagBag","filename":"dagbag.py","lineno":469}
{"timestamp":"2026-04-07T06:07:31.320632Z","level":"warning","event":"The `airflow.decorators.dag` attribute is deprecated. Please use `'airflow.sdk.dag'`.","category":"UserWarning","filename":"/opt/airflow/dags/j1_05_task_groups.py","lineno":1,"logger":"py.warnings"}
{"timestamp":"2026-04-07T06:07:31.321296Z","level":"warning","event":"The `airflow.decorators.task` attribute is deprecated. Please use `'airflow.sdk.task'`.","category":"UserWarning","filename":"/opt/airflow/dags/j1_05_task_groups.py","lineno":1,"logger":"py.warnings"}
{"timestamp":"2026-04-07T06:07:31.321773Z","level":"warning","event":"The `airflow.utils.task_group.TaskGroup` attribute is deprecated. Please use `'airflow.sdk.TaskGroup'`.","category":"UserWarning","filename":"/opt/airflow/dags/j1_05_task_groups.py","lineno":2,"logger":"py.warnings"}
{"timestamp":"2026-04-07T06:08:02.312226Z","level":"info","event":"Filling up the DagBag from /opt/airflow/dags/j1_05_task_groups.py","logger":"airflow.dag_processing.dagbag.BundleDagBag","filename":"dagbag.py","lineno":469}
{"timestamp":"2026-04-07T06:08:02.659689Z","level":"warning","event":"The `airflow.decorators.dag` attribute is deprecated. Please use `'airflow.sdk.dag'`.","category":"UserWarning","filename":"/opt/airflow/dags/j1_05_task_groups.py","lineno":1,"logger":"py.warnings"}
{"timestamp":"2026-04-07T06:08:02.670783Z","level":"warning","event":"The `airflow.decorators.task` attribute is deprecated. Please use `'airflow.sdk.task'`.","category":"UserWarning","filename":"/opt/airflow/dags/j1_05_task_groups.py","lineno":1,"logger":"py.warnings"}
{"timestamp":"2026-04-07T06:08:02.688156Z","level":"warning","event":"The `airflow.utils.task_group.TaskGroup` attribute is deprecated. Please use `'airflow.sdk.TaskGroup'`.","category":"UserWarning","filename":"/opt/airflow/dags/j1_05_task_groups.py","lineno":2,"logger":"py.warnings"}
{"timestamp":"2026-04-07T06:08:33.087686Z","level":"info","event":"Filling up the DagBag from /opt/airflow/dags/j1_05_task_groups.py","logger":"airflow.dag_processing.dagbag.BundleDagBag","filename":"dagbag.py","lineno":469}
{"timestamp":"2026-04-07T06:08:33.261176Z","level":"warning","event":"The `airflow.decorators.dag` attribute is deprecated. Please use `'airflow.sdk.dag'`.","category":"UserWarning","filename":"/opt/airflow/dags/j1_05_task_groups.py","lineno":1,"logger":"py.warnings"}
{"timestamp":"2026-04-07T06:08:33.261427Z","level":"warning","event":"The `airflow.decorators.task` attribute is deprecated. Please use `'airflow.sdk.task'`.","category":"UserWarning","filename":"/opt/airflow/dags/j1_05_task_groups.py","lineno":1,"logger":"py.warnings"}
{"timestamp":"2026-04-07T06:08:33.261599Z","level":"warning","event":"The `airflow.utils.task_group.TaskGroup` attribute is deprecated. Please use `'airflow.sdk.TaskGroup'`.","category":"UserWarning","filename":"/opt/airflow/dags/j1_05_task_groups.py","lineno":2,"logger":"py.warnings"}
{"timestamp":"2026-04-07T06:09:03.430925Z","level":"info","event":"Filling up the DagBag from /opt/airflow/dags/j1_05_task_groups.py","logger":"airflow.dag_processing.dagbag.BundleDagBag","filename":"dagbag.py","lineno":469}
{"timestamp":"2026-04-07T06:09:03.540898Z","level":"warning","event":"The `airflow.decorators.dag` attribute is deprecated. Please use `'airflow.sdk.dag'`.","category":"UserWarning","filename":"/opt/airflow/dags/j1_05_task_groups.py","lineno":1,"logger":"py.warnings"}
{"timestamp":"2026-04-07T06:09:03.541163Z","level":"warning","event":"The `airflow.decorators.task` attribute is deprecated. Please use `'airflow.sdk.task'`.","category":"UserWarning","filename":"/opt/airflow/dags/j1_05_task_groups.py","lineno":1,"logger":"py.warnings"}
{"timestamp":"2026-04-07T06:09:03.541300Z","level":"warning","event":"The `airflow.utils.task_group.TaskGroup` attribute is deprecated. Please use `'airflow.sdk.TaskGroup'`.","category":"UserWarning","filename":"/opt/airflow/dags/j1_05_task_groups.py","lineno":2,"logger":"py.warnings"}
{"timestamp":"2026-04-07T06:09:34.292135Z","level":"info","event":"Filling up the DagBag from /opt/airflow/dags/j1_05_task_groups.py","logger":"airflow.dag_processing.dagbag.BundleDagBag","filename":"dagbag.py","lineno":469}
{"timestamp":"2026-04-07T06:09:34.394606Z","level":"warning","event":"The `airflow.decorators.dag` attribute is deprecated. Please use `'airflow.sdk.dag'`.","category":"UserWarning","filename":"/opt/airflow/dags/j1_05_task_groups.py","lineno":1,"logger":"py.warnings"}
{"timestamp":"2026-04-07T06:09:34.394927Z","level":"warning","event":"The `airflow.decorators.task` attribute is deprecated. Please use `'airflow.sdk.task'`.","category":"UserWarning","filename":"/opt/airflow/dags/j1_05_task_groups.py","lineno":1,"logger":"py.warnings"}
{"timestamp":"2026-04-07T06:09:34.395093Z","level":"warning","event":"The `airflow.utils.task_group.TaskGroup` attribute is deprecated. Please use `'airflow.sdk.TaskGroup'`.","category":"UserWarning","filename":"/opt/airflow/dags/j1_05_task_groups.py","lineno":2,"logger":"py.warnings"}
{"timestamp":"2026-04-07T06:10:04.837164Z","level":"info","event":"Filling up the DagBag from /opt/airflow/dags/j1_05_task_groups.py","logger":"airflow.dag_processing.dagbag.BundleDagBag","filename":"dagbag.py","lineno":469}
{"timestamp":"2026-04-07T06:10:04.918054Z","level":"warning","event":"The `airflow.decorators.dag` attribute is deprecated. Please use `'airflow.sdk.dag'`.","category":"UserWarning","filename":"/opt/airflow/dags/j1_05_task_groups.py","lineno":1,"logger":"py.warnings"}
{"timestamp":"2026-04-07T06:10:04.918286Z","level":"warning","event":"The `airflow.decorators.task` attribute is deprecated. Please use `'airflow.sdk.task'`.","category":"UserWarning","filename":"/opt/airflow/dags/j1_05_task_groups.py","lineno":1,"logger":"py.warnings"}
{"timestamp":"2026-04-07T06:10:04.918387Z","level":"warning","event":"The `airflow.utils.task_group.TaskGroup` attribute is deprecated. Please use `'airflow.sdk.TaskGroup'`.","category":"UserWarning","filename":"/opt/airflow/dags/j1_05_task_groups.py","lineno":2,"logger":"py.warnings"}
