{"timestamp":"2026-04-07T05:35:50.584916Z","level":"info","event":"Filling up the DagBag from /opt/airflow/dags/j2_05_branching.py","logger":"airflow.dag_processing.dagbag.BundleDagBag","filename":"dagbag.py","lineno":469}
{"timestamp":"2026-04-07T05:35:50.714571Z","level":"warning","event":"The `airflow.decorators.dag` attribute is deprecated. Please use `'airflow.sdk.dag'`.","category":"UserWarning","filename":"/opt/airflow/dags/j2_05_branching.py","lineno":1,"logger":"py.warnings"}
{"timestamp":"2026-04-07T05:35:50.714810Z","level":"warning","event":"The `airflow.decorators.task` attribute is deprecated. Please use `'airflow.sdk.task'`.","category":"UserWarning","filename":"/opt/airflow/dags/j2_05_branching.py","lineno":1,"logger":"py.warnings"}
{"timestamp":"2026-04-07T05:35:50.714907Z","level":"warning","event":"The `airflow.operators.empty.EmptyOperator` attribute is deprecated. Please use `'airflow.providers.standard.operators.empty.EmptyOperator'`.","category":"UserWarning","filename":"/opt/airflow/dags/j2_05_branching.py","lineno":2,"logger":"py.warnings"}
{"timestamp":"2026-04-07T05:36:21.316495Z","level":"info","event":"Filling up the DagBag from /opt/airflow/dags/j2_05_branching.py","logger":"airflow.dag_processing.dagbag.BundleDagBag","filename":"dagbag.py","lineno":469}
{"timestamp":"2026-04-07T05:36:21.395969Z","level":"warning","event":"The `airflow.decorators.dag` attribute is deprecated. Please use `'airflow.sdk.dag'`.","category":"UserWarning","filename":"/opt/airflow/dags/j2_05_branching.py","lineno":1,"logger":"py.warnings"}
{"timestamp":"2026-04-07T05:36:21.396314Z","level":"warning","event":"The `airflow.decorators.task` attribute is deprecated. Please use `'airflow.sdk.task'`.","category":"UserWarning","filename":"/opt/airflow/dags/j2_05_branching.py","lineno":1,"logger":"py.warnings"}
{"timestamp":"2026-04-07T05:36:21.396486Z","level":"warning","event":"The `airflow.operators.empty.EmptyOperator` attribute is deprecated. Please use `'airflow.providers.standard.operators.empty.EmptyOperator'`.","category":"UserWarning","filename":"/opt/airflow/dags/j2_05_branching.py","lineno":2,"logger":"py.warnings"}
{"timestamp":"2026-04-07T05:36:52.463870Z","level":"info","event":"Filling up the DagBag from /opt/airflow/dags/j2_05_branching.py","logger":"airflow.dag_processing.dagbag.BundleDagBag","filename":"dagbag.py","lineno":469}
{"timestamp":"2026-04-07T05:36:52.560447Z","level":"warning","event":"The `airflow.decorators.dag` attribute is deprecated. Please use `'airflow.sdk.dag'`.","category":"UserWarning","filename":"/opt/airflow/dags/j2_05_branching.py","lineno":1,"logger":"py.warnings"}
{"timestamp":"2026-04-07T05:36:52.560759Z","level":"warning","event":"The `airflow.decorators.task` attribute is deprecated. Please use `'airflow.sdk.task'`.","category":"UserWarning","filename":"/opt/airflow/dags/j2_05_branching.py","lineno":1,"logger":"py.warnings"}
{"timestamp":"2026-04-07T05:36:52.560905Z","level":"warning","event":"The `airflow.operators.empty.EmptyOperator` attribute is deprecated. Please use `'airflow.providers.standard.operators.empty.EmptyOperator'`.","category":"UserWarning","filename":"/opt/airflow/dags/j2_05_branching.py","lineno":2,"logger":"py.warnings"}
{"timestamp":"2026-04-07T05:37:23.285138Z","level":"info","event":"Filling up the DagBag from /opt/airflow/dags/j2_05_branching.py","logger":"airflow.dag_processing.dagbag.BundleDagBag","filename":"dagbag.py","lineno":469}
{"timestamp":"2026-04-07T05:37:23.356456Z","level":"warning","event":"The `airflow.decorators.dag` attribute is deprecated. Please use `'airflow.sdk.dag'`.","category":"UserWarning","filename":"/opt/airflow/dags/j2_05_branching.py","lineno":1,"logger":"py.warnings"}
{"timestamp":"2026-04-07T05:37:23.356651Z","level":"warning","event":"The `airflow.decorators.task` attribute is deprecated. Please use `'airflow.sdk.task'`.","category":"UserWarning","filename":"/opt/airflow/dags/j2_05_branching.py","lineno":1,"logger":"py.warnings"}
{"timestamp":"2026-04-07T05:37:23.356743Z","level":"warning","event":"The `airflow.operators.empty.EmptyOperator` attribute is deprecated. Please use `'airflow.providers.standard.operators.empty.EmptyOperator'`.","category":"UserWarning","filename":"/opt/airflow/dags/j2_05_branching.py","lineno":2,"logger":"py.warnings"}
{"timestamp":"2026-04-07T05:37:53.622467Z","level":"info","event":"Filling up the DagBag from /opt/airflow/dags/j2_05_branching.py","logger":"airflow.dag_processing.dagbag.BundleDagBag","filename":"dagbag.py","lineno":469}
{"timestamp":"2026-04-07T05:37:53.694850Z","level":"warning","event":"The `airflow.decorators.dag` attribute is deprecated. Please use `'airflow.sdk.dag'`.","category":"UserWarning","filename":"/opt/airflow/dags/j2_05_branching.py","lineno":1,"logger":"py.warnings"}
{"timestamp":"2026-04-07T05:37:53.695062Z","level":"warning","event":"The `airflow.decorators.task` attribute is deprecated. Please use `'airflow.sdk.task'`.","category":"UserWarning","filename":"/opt/airflow/dags/j2_05_branching.py","lineno":1,"logger":"py.warnings"}
{"timestamp":"2026-04-07T05:37:53.695160Z","level":"warning","event":"The `airflow.operators.empty.EmptyOperator` attribute is deprecated. Please use `'airflow.providers.standard.operators.empty.EmptyOperator'`.","category":"UserWarning","filename":"/opt/airflow/dags/j2_05_branching.py","lineno":2,"logger":"py.warnings"}
{"timestamp":"2026-04-07T05:38:24.387153Z","level":"info","event":"Filling up the DagBag from /opt/airflow/dags/j2_05_branching.py","logger":"airflow.dag_processing.dagbag.BundleDagBag","filename":"dagbag.py","lineno":469}
{"timestamp":"2026-04-07T05:38:24.491426Z","level":"warning","event":"The `airflow.decorators.dag` attribute is deprecated. Please use `'airflow.sdk.dag'`.","category":"UserWarning","filename":"/opt/airflow/dags/j2_05_branching.py","lineno":1,"logger":"py.warnings"}
{"timestamp":"2026-04-07T05:38:24.491694Z","level":"warning","event":"The `airflow.decorators.task` attribute is deprecated. Please use `'airflow.sdk.task'`.","category":"UserWarning","filename":"/opt/airflow/dags/j2_05_branching.py","lineno":1,"logger":"py.warnings"}
{"timestamp":"2026-04-07T05:38:24.491807Z","level":"warning","event":"The `airflow.operators.empty.EmptyOperator` attribute is deprecated. Please use `'airflow.providers.standard.operators.empty.EmptyOperator'`.","category":"UserWarning","filename":"/opt/airflow/dags/j2_05_branching.py","lineno":2,"logger":"py.warnings"}
{"timestamp":"2026-04-07T05:38:55.562740Z","level":"info","event":"Filling up the DagBag from /opt/airflow/dags/j2_05_branching.py","logger":"airflow.dag_processing.dagbag.BundleDagBag","filename":"dagbag.py","lineno":469}
{"timestamp":"2026-04-07T05:38:55.672322Z","level":"warning","event":"The `airflow.decorators.dag` attribute is deprecated. Please use `'airflow.sdk.dag'`.","category":"UserWarning","filename":"/opt/airflow/dags/j2_05_branching.py","lineno":1,"logger":"py.warnings"}
{"timestamp":"2026-04-07T05:38:55.672609Z","level":"warning","event":"The `airflow.decorators.task` attribute is deprecated. Please use `'airflow.sdk.task'`.","category":"UserWarning","filename":"/opt/airflow/dags/j2_05_branching.py","lineno":1,"logger":"py.warnings"}
{"timestamp":"2026-04-07T05:38:55.672755Z","level":"warning","event":"The `airflow.operators.empty.EmptyOperator` attribute is deprecated. Please use `'airflow.providers.standard.operators.empty.EmptyOperator'`.","category":"UserWarning","filename":"/opt/airflow/dags/j2_05_branching.py","lineno":2,"logger":"py.warnings"}
{"timestamp":"2026-04-07T05:39:26.025394Z","level":"info","event":"Filling up the DagBag from /opt/airflow/dags/j2_05_branching.py","logger":"airflow.dag_processing.dagbag.BundleDagBag","filename":"dagbag.py","lineno":469}
{"timestamp":"2026-04-07T05:39:26.113243Z","level":"warning","event":"The `airflow.decorators.dag` attribute is deprecated. Please use `'airflow.sdk.dag'`.","category":"UserWarning","filename":"/opt/airflow/dags/j2_05_branching.py","lineno":1,"logger":"py.warnings"}
{"timestamp":"2026-04-07T05:39:26.113457Z","level":"warning","event":"The `airflow.decorators.task` attribute is deprecated. Please use `'airflow.sdk.task'`.","category":"UserWarning","filename":"/opt/airflow/dags/j2_05_branching.py","lineno":1,"logger":"py.warnings"}
{"timestamp":"2026-04-07T05:39:26.113554Z","level":"warning","event":"The `airflow.operators.empty.EmptyOperator` attribute is deprecated. Please use `'airflow.providers.standard.operators.empty.EmptyOperator'`.","category":"UserWarning","filename":"/opt/airflow/dags/j2_05_branching.py","lineno":2,"logger":"py.warnings"}
{"timestamp":"2026-04-07T05:39:57.222389Z","level":"info","event":"Filling up the DagBag from /opt/airflow/dags/j2_05_branching.py","logger":"airflow.dag_processing.dagbag.BundleDagBag","filename":"dagbag.py","lineno":469}
{"timestamp":"2026-04-07T05:39:57.329178Z","level":"warning","event":"The `airflow.decorators.dag` attribute is deprecated. Please use `'airflow.sdk.dag'`.","category":"UserWarning","filename":"/opt/airflow/dags/j2_05_branching.py","lineno":1,"logger":"py.warnings"}
{"timestamp":"2026-04-07T05:39:57.329392Z","level":"warning","event":"The `airflow.decorators.task` attribute is deprecated. Please use `'airflow.sdk.task'`.","category":"UserWarning","filename":"/opt/airflow/dags/j2_05_branching.py","lineno":1,"logger":"py.warnings"}
{"timestamp":"2026-04-07T05:39:57.329485Z","level":"warning","event":"The `airflow.operators.empty.EmptyOperator` attribute is deprecated. Please use `'airflow.providers.standard.operators.empty.EmptyOperator'`.","category":"UserWarning","filename":"/opt/airflow/dags/j2_05_branching.py","lineno":2,"logger":"py.warnings"}
{"timestamp":"2026-04-07T05:40:28.142747Z","level":"info","event":"Filling up the DagBag from /opt/airflow/dags/j2_05_branching.py","logger":"airflow.dag_processing.dagbag.BundleDagBag","filename":"dagbag.py","lineno":469}
{"timestamp":"2026-04-07T05:40:28.251775Z","level":"warning","event":"The `airflow.decorators.dag` attribute is deprecated. Please use `'airflow.sdk.dag'`.","category":"UserWarning","filename":"/opt/airflow/dags/j2_05_branching.py","lineno":1,"logger":"py.warnings"}
{"timestamp":"2026-04-07T05:40:28.252005Z","level":"warning","event":"The `airflow.decorators.task` attribute is deprecated. Please use `'airflow.sdk.task'`.","category":"UserWarning","filename":"/opt/airflow/dags/j2_05_branching.py","lineno":1,"logger":"py.warnings"}
{"timestamp":"2026-04-07T05:40:28.252105Z","level":"warning","event":"The `airflow.operators.empty.EmptyOperator` attribute is deprecated. Please use `'airflow.providers.standard.operators.empty.EmptyOperator'`.","category":"UserWarning","filename":"/opt/airflow/dags/j2_05_branching.py","lineno":2,"logger":"py.warnings"}
{"timestamp":"2026-04-07T05:40:58.609255Z","level":"info","event":"Filling up the DagBag from /opt/airflow/dags/j2_05_branching.py","logger":"airflow.dag_processing.dagbag.BundleDagBag","filename":"dagbag.py","lineno":469}
{"timestamp":"2026-04-07T05:40:58.690173Z","level":"warning","event":"The `airflow.decorators.dag` attribute is deprecated. Please use `'airflow.sdk.dag'`.","category":"UserWarning","filename":"/opt/airflow/dags/j2_05_branching.py","lineno":1,"logger":"py.warnings"}
{"timestamp":"2026-04-07T05:40:58.690384Z","level":"warning","event":"The `airflow.decorators.task` attribute is deprecated. Please use `'airflow.sdk.task'`.","category":"UserWarning","filename":"/opt/airflow/dags/j2_05_branching.py","lineno":1,"logger":"py.warnings"}
{"timestamp":"2026-04-07T05:40:58.690478Z","level":"warning","event":"The `airflow.operators.empty.EmptyOperator` attribute is deprecated. Please use `'airflow.providers.standard.operators.empty.EmptyOperator'`.","category":"UserWarning","filename":"/opt/airflow/dags/j2_05_branching.py","lineno":2,"logger":"py.warnings"}
{"timestamp":"2026-04-07T05:41:29.412760Z","level":"info","event":"Filling up the DagBag from /opt/airflow/dags/j2_05_branching.py","logger":"airflow.dag_processing.dagbag.BundleDagBag","filename":"dagbag.py","lineno":469}
{"timestamp":"2026-04-07T05:41:29.576396Z","level":"warning","event":"The `airflow.decorators.dag` attribute is deprecated. Please use `'airflow.sdk.dag'`.","category":"UserWarning","filename":"/opt/airflow/dags/j2_05_branching.py","lineno":1,"logger":"py.warnings"}
{"timestamp":"2026-04-07T05:41:29.576750Z","level":"warning","event":"The `airflow.decorators.task` attribute is deprecated. Please use `'airflow.sdk.task'`.","category":"UserWarning","filename":"/opt/airflow/dags/j2_05_branching.py","lineno":1,"logger":"py.warnings"}
{"timestamp":"2026-04-07T05:41:29.576876Z","level":"warning","event":"The `airflow.operators.empty.EmptyOperator` attribute is deprecated. Please use `'airflow.providers.standard.operators.empty.EmptyOperator'`.","category":"UserWarning","filename":"/opt/airflow/dags/j2_05_branching.py","lineno":2,"logger":"py.warnings"}
{"timestamp":"2026-04-07T05:42:00.358865Z","level":"info","event":"Filling up the DagBag from /opt/airflow/dags/j2_05_branching.py","logger":"airflow.dag_processing.dagbag.BundleDagBag","filename":"dagbag.py","lineno":469}
{"timestamp":"2026-04-07T05:42:00.457429Z","level":"warning","event":"The `airflow.decorators.dag` attribute is deprecated. Please use `'airflow.sdk.dag'`.","category":"UserWarning","filename":"/opt/airflow/dags/j2_05_branching.py","lineno":1,"logger":"py.warnings"}
{"timestamp":"2026-04-07T05:42:00.457706Z","level":"warning","event":"The `airflow.decorators.task` attribute is deprecated. Please use `'airflow.sdk.task'`.","category":"UserWarning","filename":"/opt/airflow/dags/j2_05_branching.py","lineno":1,"logger":"py.warnings"}
{"timestamp":"2026-04-07T05:42:00.457822Z","level":"warning","event":"The `airflow.operators.empty.EmptyOperator` attribute is deprecated. Please use `'airflow.providers.standard.operators.empty.EmptyOperator'`.","category":"UserWarning","filename":"/opt/airflow/dags/j2_05_branching.py","lineno":2,"logger":"py.warnings"}
{"timestamp":"2026-04-07T05:42:33.147520Z","level":"info","event":"Filling up the DagBag from /opt/airflow/dags/j2_05_branching.py","logger":"airflow.dag_processing.dagbag.BundleDagBag","filename":"dagbag.py","lineno":469}
{"timestamp":"2026-04-07T05:42:33.254463Z","level":"warning","event":"The `airflow.decorators.dag` attribute is deprecated. Please use `'airflow.sdk.dag'`.","category":"UserWarning","filename":"/opt/airflow/dags/j2_05_branching.py","lineno":1,"logger":"py.warnings"}
{"timestamp":"2026-04-07T05:42:33.254811Z","level":"warning","event":"The `airflow.decorators.task` attribute is deprecated. Please use `'airflow.sdk.task'`.","category":"UserWarning","filename":"/opt/airflow/dags/j2_05_branching.py","lineno":1,"logger":"py.warnings"}
{"timestamp":"2026-04-07T05:42:33.254976Z","level":"warning","event":"The `airflow.operators.empty.EmptyOperator` attribute is deprecated. Please use `'airflow.providers.standard.operators.empty.EmptyOperator'`.","category":"UserWarning","filename":"/opt/airflow/dags/j2_05_branching.py","lineno":2,"logger":"py.warnings"}
{"timestamp":"2026-04-07T05:43:04.217193Z","level":"info","event":"Filling up the DagBag from /opt/airflow/dags/j2_05_branching.py","logger":"airflow.dag_processing.dagbag.BundleDagBag","filename":"dagbag.py","lineno":469}
{"timestamp":"2026-04-07T05:43:04.299285Z","level":"warning","event":"The `airflow.decorators.dag` attribute is deprecated. Please use `'airflow.sdk.dag'`.","category":"UserWarning","filename":"/opt/airflow/dags/j2_05_branching.py","lineno":1,"logger":"py.warnings"}
{"timestamp":"2026-04-07T05:43:04.299510Z","level":"warning","event":"The `airflow.decorators.task` attribute is deprecated. Please use `'airflow.sdk.task'`.","category":"UserWarning","filename":"/opt/airflow/dags/j2_05_branching.py","lineno":1,"logger":"py.warnings"}
{"timestamp":"2026-04-07T05:43:04.299698Z","level":"warning","event":"The `airflow.operators.empty.EmptyOperator` attribute is deprecated. Please use `'airflow.providers.standard.operators.empty.EmptyOperator'`.","category":"UserWarning","filename":"/opt/airflow/dags/j2_05_branching.py","lineno":2,"logger":"py.warnings"}
{"timestamp":"2026-04-07T05:43:34.435706Z","level":"info","event":"Filling up the DagBag from /opt/airflow/dags/j2_05_branching.py","logger":"airflow.dag_processing.dagbag.BundleDagBag","filename":"dagbag.py","lineno":469}
{"timestamp":"2026-04-07T05:43:34.535228Z","level":"warning","event":"The `airflow.decorators.dag` attribute is deprecated. Please use `'airflow.sdk.dag'`.","category":"UserWarning","filename":"/opt/airflow/dags/j2_05_branching.py","lineno":1,"logger":"py.warnings"}
{"timestamp":"2026-04-07T05:43:34.535414Z","level":"warning","event":"The `airflow.decorators.task` attribute is deprecated. Please use `'airflow.sdk.task'`.","category":"UserWarning","filename":"/opt/airflow/dags/j2_05_branching.py","lineno":1,"logger":"py.warnings"}
{"timestamp":"2026-04-07T05:43:34.535578Z","level":"warning","event":"The `airflow.operators.empty.EmptyOperator` attribute is deprecated. Please use `'airflow.providers.standard.operators.empty.EmptyOperator'`.","category":"UserWarning","filename":"/opt/airflow/dags/j2_05_branching.py","lineno":2,"logger":"py.warnings"}
{"timestamp":"2026-04-07T05:44:05.467911Z","level":"info","event":"Filling up the DagBag from /opt/airflow/dags/j2_05_branching.py","logger":"airflow.dag_processing.dagbag.BundleDagBag","filename":"dagbag.py","lineno":469}
{"timestamp":"2026-04-07T05:44:05.540592Z","level":"warning","event":"The `airflow.decorators.dag` attribute is deprecated. Please use `'airflow.sdk.dag'`.","category":"UserWarning","filename":"/opt/airflow/dags/j2_05_branching.py","lineno":1,"logger":"py.warnings"}
{"timestamp":"2026-04-07T05:44:05.540778Z","level":"warning","event":"The `airflow.decorators.task` attribute is deprecated. Please use `'airflow.sdk.task'`.","category":"UserWarning","filename":"/opt/airflow/dags/j2_05_branching.py","lineno":1,"logger":"py.warnings"}
{"timestamp":"2026-04-07T05:44:05.540870Z","level":"warning","event":"The `airflow.operators.empty.EmptyOperator` attribute is deprecated. Please use `'airflow.providers.standard.operators.empty.EmptyOperator'`.","category":"UserWarning","filename":"/opt/airflow/dags/j2_05_branching.py","lineno":2,"logger":"py.warnings"}
{"timestamp":"2026-04-07T05:44:36.368447Z","level":"info","event":"Filling up the DagBag from /opt/airflow/dags/j2_05_branching.py","logger":"airflow.dag_processing.dagbag.BundleDagBag","filename":"dagbag.py","lineno":469}
{"timestamp":"2026-04-07T05:44:36.494111Z","level":"warning","event":"The `airflow.decorators.dag` attribute is deprecated. Please use `'airflow.sdk.dag'`.","category":"UserWarning","filename":"/opt/airflow/dags/j2_05_branching.py","lineno":1,"logger":"py.warnings"}
{"timestamp":"2026-04-07T05:44:36.494396Z","level":"warning","event":"The `airflow.decorators.task` attribute is deprecated. Please use `'airflow.sdk.task'`.","category":"UserWarning","filename":"/opt/airflow/dags/j2_05_branching.py","lineno":1,"logger":"py.warnings"}
{"timestamp":"2026-04-07T05:44:36.494581Z","level":"warning","event":"The `airflow.operators.empty.EmptyOperator` attribute is deprecated. Please use `'airflow.providers.standard.operators.empty.EmptyOperator'`.","category":"UserWarning","filename":"/opt/airflow/dags/j2_05_branching.py","lineno":2,"logger":"py.warnings"}
{"timestamp":"2026-04-07T05:45:06.756394Z","level":"info","event":"Filling up the DagBag from /opt/airflow/dags/j2_05_branching.py","logger":"airflow.dag_processing.dagbag.BundleDagBag","filename":"dagbag.py","lineno":469}
{"timestamp":"2026-04-07T05:45:06.834558Z","level":"warning","event":"The `airflow.decorators.dag` attribute is deprecated. Please use `'airflow.sdk.dag'`.","category":"UserWarning","filename":"/opt/airflow/dags/j2_05_branching.py","lineno":1,"logger":"py.warnings"}
{"timestamp":"2026-04-07T05:45:06.834768Z","level":"warning","event":"The `airflow.decorators.task` attribute is deprecated. Please use `'airflow.sdk.task'`.","category":"UserWarning","filename":"/opt/airflow/dags/j2_05_branching.py","lineno":1,"logger":"py.warnings"}
{"timestamp":"2026-04-07T05:45:06.834857Z","level":"warning","event":"The `airflow.operators.empty.EmptyOperator` attribute is deprecated. Please use `'airflow.providers.standard.operators.empty.EmptyOperator'`.","category":"UserWarning","filename":"/opt/airflow/dags/j2_05_branching.py","lineno":2,"logger":"py.warnings"}
{"timestamp":"2026-04-07T05:45:37.346513Z","level":"info","event":"Filling up the DagBag from /opt/airflow/dags/j2_05_branching.py","logger":"airflow.dag_processing.dagbag.BundleDagBag","filename":"dagbag.py","lineno":469}
{"timestamp":"2026-04-07T05:45:37.461993Z","level":"warning","event":"The `airflow.decorators.dag` attribute is deprecated. Please use `'airflow.sdk.dag'`.","category":"UserWarning","filename":"/opt/airflow/dags/j2_05_branching.py","lineno":1,"logger":"py.warnings"}
{"timestamp":"2026-04-07T05:45:37.462298Z","level":"warning","event":"The `airflow.decorators.task` attribute is deprecated. Please use `'airflow.sdk.task'`.","category":"UserWarning","filename":"/opt/airflow/dags/j2_05_branching.py","lineno":1,"logger":"py.warnings"}
{"timestamp":"2026-04-07T05:45:37.462504Z","level":"warning","event":"The `airflow.operators.empty.EmptyOperator` attribute is deprecated. Please use `'airflow.providers.standard.operators.empty.EmptyOperator'`.","category":"UserWarning","filename":"/opt/airflow/dags/j2_05_branching.py","lineno":2,"logger":"py.warnings"}
{"timestamp":"2026-04-07T05:46:07.862681Z","level":"info","event":"Filling up the DagBag from /opt/airflow/dags/j2_05_branching.py","logger":"airflow.dag_processing.dagbag.BundleDagBag","filename":"dagbag.py","lineno":469}
{"timestamp":"2026-04-07T05:46:07.961276Z","level":"warning","event":"The `airflow.decorators.dag` attribute is deprecated. Please use `'airflow.sdk.dag'`.","category":"UserWarning","filename":"/opt/airflow/dags/j2_05_branching.py","lineno":1,"logger":"py.warnings"}
{"timestamp":"2026-04-07T05:46:07.961568Z","level":"warning","event":"The `airflow.decorators.task` attribute is deprecated. Please use `'airflow.sdk.task'`.","category":"UserWarning","filename":"/opt/airflow/dags/j2_05_branching.py","lineno":1,"logger":"py.warnings"}
{"timestamp":"2026-04-07T05:46:07.961744Z","level":"warning","event":"The `airflow.operators.empty.EmptyOperator` attribute is deprecated. Please use `'airflow.providers.standard.operators.empty.EmptyOperator'`.","category":"UserWarning","filename":"/opt/airflow/dags/j2_05_branching.py","lineno":2,"logger":"py.warnings"}
{"timestamp":"2026-04-07T05:46:38.886404Z","level":"info","event":"Filling up the DagBag from /opt/airflow/dags/j2_05_branching.py","logger":"airflow.dag_processing.dagbag.BundleDagBag","filename":"dagbag.py","lineno":469}
{"timestamp":"2026-04-07T05:46:39.051548Z","level":"warning","event":"The `airflow.decorators.dag` attribute is deprecated. Please use `'airflow.sdk.dag'`.","category":"UserWarning","filename":"/opt/airflow/dags/j2_05_branching.py","lineno":1,"logger":"py.warnings"}
{"timestamp":"2026-04-07T05:46:39.051795Z","level":"warning","event":"The `airflow.decorators.task` attribute is deprecated. Please use `'airflow.sdk.task'`.","category":"UserWarning","filename":"/opt/airflow/dags/j2_05_branching.py","lineno":1,"logger":"py.warnings"}
{"timestamp":"2026-04-07T05:46:39.051902Z","level":"warning","event":"The `airflow.operators.empty.EmptyOperator` attribute is deprecated. Please use `'airflow.providers.standard.operators.empty.EmptyOperator'`.","category":"UserWarning","filename":"/opt/airflow/dags/j2_05_branching.py","lineno":2,"logger":"py.warnings"}
{"timestamp":"2026-04-07T05:47:10.133359Z","level":"info","event":"Filling up the DagBag from /opt/airflow/dags/j2_05_branching.py","logger":"airflow.dag_processing.dagbag.BundleDagBag","filename":"dagbag.py","lineno":469}
{"timestamp":"2026-04-07T05:47:10.250128Z","level":"warning","event":"The `airflow.decorators.dag` attribute is deprecated. Please use `'airflow.sdk.dag'`.","category":"UserWarning","filename":"/opt/airflow/dags/j2_05_branching.py","lineno":1,"logger":"py.warnings"}
{"timestamp":"2026-04-07T05:47:10.250460Z","level":"warning","event":"The `airflow.decorators.task` attribute is deprecated. Please use `'airflow.sdk.task'`.","category":"UserWarning","filename":"/opt/airflow/dags/j2_05_branching.py","lineno":1,"logger":"py.warnings"}
{"timestamp":"2026-04-07T05:47:10.250636Z","level":"warning","event":"The `airflow.operators.empty.EmptyOperator` attribute is deprecated. Please use `'airflow.providers.standard.operators.empty.EmptyOperator'`.","category":"UserWarning","filename":"/opt/airflow/dags/j2_05_branching.py","lineno":2,"logger":"py.warnings"}
{"timestamp":"2026-04-07T05:47:41.188399Z","level":"info","event":"Filling up the DagBag from /opt/airflow/dags/j2_05_branching.py","logger":"airflow.dag_processing.dagbag.BundleDagBag","filename":"dagbag.py","lineno":469}
{"timestamp":"2026-04-07T05:47:41.301353Z","level":"warning","event":"The `airflow.decorators.dag` attribute is deprecated. Please use `'airflow.sdk.dag'`.","category":"UserWarning","filename":"/opt/airflow/dags/j2_05_branching.py","lineno":1,"logger":"py.warnings"}
{"timestamp":"2026-04-07T05:47:41.301954Z","level":"warning","event":"The `airflow.decorators.task` attribute is deprecated. Please use `'airflow.sdk.task'`.","category":"UserWarning","filename":"/opt/airflow/dags/j2_05_branching.py","lineno":1,"logger":"py.warnings"}
{"timestamp":"2026-04-07T05:47:41.302260Z","level":"warning","event":"The `airflow.operators.empty.EmptyOperator` attribute is deprecated. Please use `'airflow.providers.standard.operators.empty.EmptyOperator'`.","category":"UserWarning","filename":"/opt/airflow/dags/j2_05_branching.py","lineno":2,"logger":"py.warnings"}
{"timestamp":"2026-04-07T05:48:12.137134Z","level":"info","event":"Filling up the DagBag from /opt/airflow/dags/j2_05_branching.py","logger":"airflow.dag_processing.dagbag.BundleDagBag","filename":"dagbag.py","lineno":469}
{"timestamp":"2026-04-07T05:48:12.248907Z","level":"warning","event":"The `airflow.decorators.dag` attribute is deprecated. Please use `'airflow.sdk.dag'`.","category":"UserWarning","filename":"/opt/airflow/dags/j2_05_branching.py","lineno":1,"logger":"py.warnings"}
{"timestamp":"2026-04-07T05:48:12.249246Z","level":"warning","event":"The `airflow.decorators.task` attribute is deprecated. Please use `'airflow.sdk.task'`.","category":"UserWarning","filename":"/opt/airflow/dags/j2_05_branching.py","lineno":1,"logger":"py.warnings"}
{"timestamp":"2026-04-07T05:48:12.249412Z","level":"warning","event":"The `airflow.operators.empty.EmptyOperator` attribute is deprecated. Please use `'airflow.providers.standard.operators.empty.EmptyOperator'`.","category":"UserWarning","filename":"/opt/airflow/dags/j2_05_branching.py","lineno":2,"logger":"py.warnings"}
{"timestamp":"2026-04-07T05:48:43.039364Z","level":"info","event":"Filling up the DagBag from /opt/airflow/dags/j2_05_branching.py","logger":"airflow.dag_processing.dagbag.BundleDagBag","filename":"dagbag.py","lineno":469}
{"timestamp":"2026-04-07T05:48:43.239533Z","level":"warning","event":"The `airflow.decorators.dag` attribute is deprecated. Please use `'airflow.sdk.dag'`.","category":"UserWarning","filename":"/opt/airflow/dags/j2_05_branching.py","lineno":1,"logger":"py.warnings"}
{"timestamp":"2026-04-07T05:48:43.239888Z","level":"warning","event":"The `airflow.decorators.task` attribute is deprecated. Please use `'airflow.sdk.task'`.","category":"UserWarning","filename":"/opt/airflow/dags/j2_05_branching.py","lineno":1,"logger":"py.warnings"}
{"timestamp":"2026-04-07T05:48:43.240111Z","level":"warning","event":"The `airflow.operators.empty.EmptyOperator` attribute is deprecated. Please use `'airflow.providers.standard.operators.empty.EmptyOperator'`.","category":"UserWarning","filename":"/opt/airflow/dags/j2_05_branching.py","lineno":2,"logger":"py.warnings"}
{"timestamp":"2026-04-07T05:49:13.773705Z","level":"info","event":"Filling up the DagBag from /opt/airflow/dags/j2_05_branching.py","logger":"airflow.dag_processing.dagbag.BundleDagBag","filename":"dagbag.py","lineno":469}
{"timestamp":"2026-04-07T05:49:14.053771Z","level":"warning","event":"The `airflow.decorators.dag` attribute is deprecated. Please use `'airflow.sdk.dag'`.","category":"UserWarning","filename":"/opt/airflow/dags/j2_05_branching.py","lineno":1,"logger":"py.warnings"}
{"timestamp":"2026-04-07T05:49:14.054202Z","level":"warning","event":"The `airflow.decorators.task` attribute is deprecated. Please use `'airflow.sdk.task'`.","category":"UserWarning","filename":"/opt/airflow/dags/j2_05_branching.py","lineno":1,"logger":"py.warnings"}
{"timestamp":"2026-04-07T05:49:14.054408Z","level":"warning","event":"The `airflow.operators.empty.EmptyOperator` attribute is deprecated. Please use `'airflow.providers.standard.operators.empty.EmptyOperator'`.","category":"UserWarning","filename":"/opt/airflow/dags/j2_05_branching.py","lineno":2,"logger":"py.warnings"}
{"timestamp":"2026-04-07T05:49:44.470816Z","level":"info","event":"Filling up the DagBag from /opt/airflow/dags/j2_05_branching.py","logger":"airflow.dag_processing.dagbag.BundleDagBag","filename":"dagbag.py","lineno":469}
{"timestamp":"2026-04-07T05:49:44.688739Z","level":"warning","event":"The `airflow.decorators.dag` attribute is deprecated. Please use `'airflow.sdk.dag'`.","category":"UserWarning","filename":"/opt/airflow/dags/j2_05_branching.py","lineno":1,"logger":"py.warnings"}
{"timestamp":"2026-04-07T05:49:44.689186Z","level":"warning","event":"The `airflow.decorators.task` attribute is deprecated. Please use `'airflow.sdk.task'`.","category":"UserWarning","filename":"/opt/airflow/dags/j2_05_branching.py","lineno":1,"logger":"py.warnings"}
{"timestamp":"2026-04-07T05:49:44.689372Z","level":"warning","event":"The `airflow.operators.empty.EmptyOperator` attribute is deprecated. Please use `'airflow.providers.standard.operators.empty.EmptyOperator'`.","category":"UserWarning","filename":"/opt/airflow/dags/j2_05_branching.py","lineno":2,"logger":"py.warnings"}
{"timestamp":"2026-04-07T05:50:18.504229Z","level":"info","event":"Filling up the DagBag from /opt/airflow/dags/j2_05_branching.py","logger":"airflow.dag_processing.dagbag.BundleDagBag","filename":"dagbag.py","lineno":469}
{"timestamp":"2026-04-07T05:50:18.795927Z","level":"warning","event":"The `airflow.decorators.dag` attribute is deprecated. Please use `'airflow.sdk.dag'`.","category":"UserWarning","filename":"/opt/airflow/dags/j2_05_branching.py","lineno":1,"logger":"py.warnings"}
{"timestamp":"2026-04-07T05:50:18.796338Z","level":"warning","event":"The `airflow.decorators.task` attribute is deprecated. Please use `'airflow.sdk.task'`.","category":"UserWarning","filename":"/opt/airflow/dags/j2_05_branching.py","lineno":1,"logger":"py.warnings"}
{"timestamp":"2026-04-07T05:50:18.796563Z","level":"warning","event":"The `airflow.operators.empty.EmptyOperator` attribute is deprecated. Please use `'airflow.providers.standard.operators.empty.EmptyOperator'`.","category":"UserWarning","filename":"/opt/airflow/dags/j2_05_branching.py","lineno":2,"logger":"py.warnings"}
{"timestamp":"2026-04-07T05:50:49.088191Z","level":"info","event":"Filling up the DagBag from /opt/airflow/dags/j2_05_branching.py","logger":"airflow.dag_processing.dagbag.BundleDagBag","filename":"dagbag.py","lineno":469}
{"timestamp":"2026-04-07T05:50:49.306663Z","level":"warning","event":"The `airflow.decorators.dag` attribute is deprecated. Please use `'airflow.sdk.dag'`.","category":"UserWarning","filename":"/opt/airflow/dags/j2_05_branching.py","lineno":1,"logger":"py.warnings"}
{"timestamp":"2026-04-07T05:50:49.307049Z","level":"warning","event":"The `airflow.decorators.task` attribute is deprecated. Please use `'airflow.sdk.task'`.","category":"UserWarning","filename":"/opt/airflow/dags/j2_05_branching.py","lineno":1,"logger":"py.warnings"}
{"timestamp":"2026-04-07T05:50:49.307276Z","level":"warning","event":"The `airflow.operators.empty.EmptyOperator` attribute is deprecated. Please use `'airflow.providers.standard.operators.empty.EmptyOperator'`.","category":"UserWarning","filename":"/opt/airflow/dags/j2_05_branching.py","lineno":2,"logger":"py.warnings"}
{"timestamp":"2026-04-07T05:51:21.872770Z","level":"info","event":"Filling up the DagBag from /opt/airflow/dags/j2_05_branching.py","logger":"airflow.dag_processing.dagbag.BundleDagBag","filename":"dagbag.py","lineno":469}
{"timestamp":"2026-04-07T05:51:22.270789Z","level":"warning","event":"The `airflow.decorators.dag` attribute is deprecated. Please use `'airflow.sdk.dag'`.","category":"UserWarning","filename":"/opt/airflow/dags/j2_05_branching.py","lineno":1,"logger":"py.warnings"}
{"timestamp":"2026-04-07T05:51:22.271194Z","level":"warning","event":"The `airflow.decorators.task` attribute is deprecated. Please use `'airflow.sdk.task'`.","category":"UserWarning","filename":"/opt/airflow/dags/j2_05_branching.py","lineno":1,"logger":"py.warnings"}
{"timestamp":"2026-04-07T05:51:22.271391Z","level":"warning","event":"The `airflow.operators.empty.EmptyOperator` attribute is deprecated. Please use `'airflow.providers.standard.operators.empty.EmptyOperator'`.","category":"UserWarning","filename":"/opt/airflow/dags/j2_05_branching.py","lineno":2,"logger":"py.warnings"}
{"timestamp":"2026-04-07T05:51:53.787179Z","level":"info","event":"Filling up the DagBag from /opt/airflow/dags/j2_05_branching.py","logger":"airflow.dag_processing.dagbag.BundleDagBag","filename":"dagbag.py","lineno":469}
{"timestamp":"2026-04-07T05:51:53.918956Z","level":"warning","event":"The `airflow.decorators.dag` attribute is deprecated. Please use `'airflow.sdk.dag'`.","category":"UserWarning","filename":"/opt/airflow/dags/j2_05_branching.py","lineno":1,"logger":"py.warnings"}
{"timestamp":"2026-04-07T05:51:53.919267Z","level":"warning","event":"The `airflow.decorators.task` attribute is deprecated. Please use `'airflow.sdk.task'`.","category":"UserWarning","filename":"/opt/airflow/dags/j2_05_branching.py","lineno":1,"logger":"py.warnings"}
{"timestamp":"2026-04-07T05:51:53.919512Z","level":"warning","event":"The `airflow.operators.empty.EmptyOperator` attribute is deprecated. Please use `'airflow.providers.standard.operators.empty.EmptyOperator'`.","category":"UserWarning","filename":"/opt/airflow/dags/j2_05_branching.py","lineno":2,"logger":"py.warnings"}
{"timestamp":"2026-04-07T05:52:24.154204Z","level":"info","event":"Filling up the DagBag from /opt/airflow/dags/j2_05_branching.py","logger":"airflow.dag_processing.dagbag.BundleDagBag","filename":"dagbag.py","lineno":469}
{"timestamp":"2026-04-07T05:52:24.304223Z","level":"warning","event":"The `airflow.decorators.dag` attribute is deprecated. Please use `'airflow.sdk.dag'`.","category":"UserWarning","filename":"/opt/airflow/dags/j2_05_branching.py","lineno":1,"logger":"py.warnings"}
{"timestamp":"2026-04-07T05:52:24.304669Z","level":"warning","event":"The `airflow.decorators.task` attribute is deprecated. Please use `'airflow.sdk.task'`.","category":"UserWarning","filename":"/opt/airflow/dags/j2_05_branching.py","lineno":1,"logger":"py.warnings"}
{"timestamp":"2026-04-07T05:52:24.305120Z","level":"warning","event":"The `airflow.operators.empty.EmptyOperator` attribute is deprecated. Please use `'airflow.providers.standard.operators.empty.EmptyOperator'`.","category":"UserWarning","filename":"/opt/airflow/dags/j2_05_branching.py","lineno":2,"logger":"py.warnings"}
{"timestamp":"2026-04-07T05:52:54.598991Z","level":"info","event":"Filling up the DagBag from /opt/airflow/dags/j2_05_branching.py","logger":"airflow.dag_processing.dagbag.BundleDagBag","filename":"dagbag.py","lineno":469}
{"timestamp":"2026-04-07T05:52:54.738453Z","level":"warning","event":"The `airflow.decorators.dag` attribute is deprecated. Please use `'airflow.sdk.dag'`.","category":"UserWarning","filename":"/opt/airflow/dags/j2_05_branching.py","lineno":1,"logger":"py.warnings"}
{"timestamp":"2026-04-07T05:52:54.738765Z","level":"warning","event":"The `airflow.decorators.task` attribute is deprecated. Please use `'airflow.sdk.task'`.","category":"UserWarning","filename":"/opt/airflow/dags/j2_05_branching.py","lineno":1,"logger":"py.warnings"}
{"timestamp":"2026-04-07T05:52:54.738993Z","level":"warning","event":"The `airflow.operators.empty.EmptyOperator` attribute is deprecated. Please use `'airflow.providers.standard.operators.empty.EmptyOperator'`.","category":"UserWarning","filename":"/opt/airflow/dags/j2_05_branching.py","lineno":2,"logger":"py.warnings"}
{"timestamp":"2026-04-07T05:53:25.426466Z","level":"info","event":"Filling up the DagBag from /opt/airflow/dags/j2_05_branching.py","logger":"airflow.dag_processing.dagbag.BundleDagBag","filename":"dagbag.py","lineno":469}
{"timestamp":"2026-04-07T05:53:25.595473Z","level":"warning","event":"The `airflow.decorators.dag` attribute is deprecated. Please use `'airflow.sdk.dag'`.","category":"UserWarning","filename":"/opt/airflow/dags/j2_05_branching.py","lineno":1,"logger":"py.warnings"}
{"timestamp":"2026-04-07T05:53:25.595775Z","level":"warning","event":"The `airflow.decorators.task` attribute is deprecated. Please use `'airflow.sdk.task'`.","category":"UserWarning","filename":"/opt/airflow/dags/j2_05_branching.py","lineno":1,"logger":"py.warnings"}
{"timestamp":"2026-04-07T05:53:25.595929Z","level":"warning","event":"The `airflow.operators.empty.EmptyOperator` attribute is deprecated. Please use `'airflow.providers.standard.operators.empty.EmptyOperator'`.","category":"UserWarning","filename":"/opt/airflow/dags/j2_05_branching.py","lineno":2,"logger":"py.warnings"}
{"timestamp":"2026-04-07T05:53:55.825581Z","level":"info","event":"Filling up the DagBag from /opt/airflow/dags/j2_05_branching.py","logger":"airflow.dag_processing.dagbag.BundleDagBag","filename":"dagbag.py","lineno":469}
{"timestamp":"2026-04-07T05:53:56.341121Z","level":"warning","event":"The `airflow.decorators.dag` attribute is deprecated. Please use `'airflow.sdk.dag'`.","category":"UserWarning","filename":"/opt/airflow/dags/j2_05_branching.py","lineno":1,"logger":"py.warnings"}
{"timestamp":"2026-04-07T05:53:56.341600Z","level":"warning","event":"The `airflow.decorators.task` attribute is deprecated. Please use `'airflow.sdk.task'`.","category":"UserWarning","filename":"/opt/airflow/dags/j2_05_branching.py","lineno":1,"logger":"py.warnings"}
{"timestamp":"2026-04-07T05:53:56.341841Z","level":"warning","event":"The `airflow.operators.empty.EmptyOperator` attribute is deprecated. Please use `'airflow.providers.standard.operators.empty.EmptyOperator'`.","category":"UserWarning","filename":"/opt/airflow/dags/j2_05_branching.py","lineno":2,"logger":"py.warnings"}
{"timestamp":"2026-04-07T05:54:27.310144Z","level":"info","event":"Filling up the DagBag from /opt/airflow/dags/j2_05_branching.py","logger":"airflow.dag_processing.dagbag.BundleDagBag","filename":"dagbag.py","lineno":469}
{"timestamp":"2026-04-07T05:54:27.480147Z","level":"warning","event":"The `airflow.decorators.dag` attribute is deprecated. Please use `'airflow.sdk.dag'`.","category":"UserWarning","filename":"/opt/airflow/dags/j2_05_branching.py","lineno":1,"logger":"py.warnings"}
{"timestamp":"2026-04-07T05:54:27.480426Z","level":"warning","event":"The `airflow.decorators.task` attribute is deprecated. Please use `'airflow.sdk.task'`.","category":"UserWarning","filename":"/opt/airflow/dags/j2_05_branching.py","lineno":1,"logger":"py.warnings"}
{"timestamp":"2026-04-07T05:54:27.480574Z","level":"warning","event":"The `airflow.operators.empty.EmptyOperator` attribute is deprecated. Please use `'airflow.providers.standard.operators.empty.EmptyOperator'`.","category":"UserWarning","filename":"/opt/airflow/dags/j2_05_branching.py","lineno":2,"logger":"py.warnings"}
{"timestamp":"2026-04-07T05:54:58.550196Z","level":"info","event":"Filling up the DagBag from /opt/airflow/dags/j2_05_branching.py","logger":"airflow.dag_processing.dagbag.BundleDagBag","filename":"dagbag.py","lineno":469}
{"timestamp":"2026-04-07T05:54:58.642178Z","level":"warning","event":"The `airflow.decorators.dag` attribute is deprecated. Please use `'airflow.sdk.dag'`.","category":"UserWarning","filename":"/opt/airflow/dags/j2_05_branching.py","lineno":1,"logger":"py.warnings"}
{"timestamp":"2026-04-07T05:54:58.642616Z","level":"warning","event":"The `airflow.decorators.task` attribute is deprecated. Please use `'airflow.sdk.task'`.","category":"UserWarning","filename":"/opt/airflow/dags/j2_05_branching.py","lineno":1,"logger":"py.warnings"}
{"timestamp":"2026-04-07T05:54:58.642837Z","level":"warning","event":"The `airflow.operators.empty.EmptyOperator` attribute is deprecated. Please use `'airflow.providers.standard.operators.empty.EmptyOperator'`.","category":"UserWarning","filename":"/opt/airflow/dags/j2_05_branching.py","lineno":2,"logger":"py.warnings"}
{"timestamp":"2026-04-07T05:55:29.878833Z","level":"info","event":"Filling up the DagBag from /opt/airflow/dags/j2_05_branching.py","logger":"airflow.dag_processing.dagbag.BundleDagBag","filename":"dagbag.py","lineno":469}
{"timestamp":"2026-04-07T05:55:30.220797Z","level":"warning","event":"The `airflow.decorators.dag` attribute is deprecated. Please use `'airflow.sdk.dag'`.","category":"UserWarning","filename":"/opt/airflow/dags/j2_05_branching.py","lineno":1,"logger":"py.warnings"}
{"timestamp":"2026-04-07T05:55:30.221204Z","level":"warning","event":"The `airflow.decorators.task` attribute is deprecated. Please use `'airflow.sdk.task'`.","category":"UserWarning","filename":"/opt/airflow/dags/j2_05_branching.py","lineno":1,"logger":"py.warnings"}
{"timestamp":"2026-04-07T05:55:30.221492Z","level":"warning","event":"The `airflow.operators.empty.EmptyOperator` attribute is deprecated. Please use `'airflow.providers.standard.operators.empty.EmptyOperator'`.","category":"UserWarning","filename":"/opt/airflow/dags/j2_05_branching.py","lineno":2,"logger":"py.warnings"}
{"timestamp":"2026-04-07T05:56:00.630290Z","level":"info","event":"Filling up the DagBag from /opt/airflow/dags/j2_05_branching.py","logger":"airflow.dag_processing.dagbag.BundleDagBag","filename":"dagbag.py","lineno":469}
{"timestamp":"2026-04-07T05:56:00.802327Z","level":"warning","event":"The `airflow.decorators.dag` attribute is deprecated. Please use `'airflow.sdk.dag'`.","category":"UserWarning","filename":"/opt/airflow/dags/j2_05_branching.py","lineno":1,"logger":"py.warnings"}
{"timestamp":"2026-04-07T05:56:00.802565Z","level":"warning","event":"The `airflow.decorators.task` attribute is deprecated. Please use `'airflow.sdk.task'`.","category":"UserWarning","filename":"/opt/airflow/dags/j2_05_branching.py","lineno":1,"logger":"py.warnings"}
{"timestamp":"2026-04-07T05:56:00.802671Z","level":"warning","event":"The `airflow.operators.empty.EmptyOperator` attribute is deprecated. Please use `'airflow.providers.standard.operators.empty.EmptyOperator'`.","category":"UserWarning","filename":"/opt/airflow/dags/j2_05_branching.py","lineno":2,"logger":"py.warnings"}
{"timestamp":"2026-04-07T05:56:31.285635Z","level":"info","event":"Filling up the DagBag from /opt/airflow/dags/j2_05_branching.py","logger":"airflow.dag_processing.dagbag.BundleDagBag","filename":"dagbag.py","lineno":469}
{"timestamp":"2026-04-07T05:56:31.558420Z","level":"warning","event":"The `airflow.decorators.dag` attribute is deprecated. Please use `'airflow.sdk.dag'`.","category":"UserWarning","filename":"/opt/airflow/dags/j2_05_branching.py","lineno":1,"logger":"py.warnings"}
{"timestamp":"2026-04-07T05:56:31.558836Z","level":"warning","event":"The `airflow.decorators.task` attribute is deprecated. Please use `'airflow.sdk.task'`.","category":"UserWarning","filename":"/opt/airflow/dags/j2_05_branching.py","lineno":1,"logger":"py.warnings"}
{"timestamp":"2026-04-07T05:56:31.559068Z","level":"warning","event":"The `airflow.operators.empty.EmptyOperator` attribute is deprecated. Please use `'airflow.providers.standard.operators.empty.EmptyOperator'`.","category":"UserWarning","filename":"/opt/airflow/dags/j2_05_branching.py","lineno":2,"logger":"py.warnings"}
{"timestamp":"2026-04-07T05:57:02.188867Z","level":"info","event":"Filling up the DagBag from /opt/airflow/dags/j2_05_branching.py","logger":"airflow.dag_processing.dagbag.BundleDagBag","filename":"dagbag.py","lineno":469}
{"timestamp":"2026-04-07T05:57:02.412981Z","level":"warning","event":"The `airflow.decorators.dag` attribute is deprecated. Please use `'airflow.sdk.dag'`.","category":"UserWarning","filename":"/opt/airflow/dags/j2_05_branching.py","lineno":1,"logger":"py.warnings"}
{"timestamp":"2026-04-07T05:57:02.413359Z","level":"warning","event":"The `airflow.decorators.task` attribute is deprecated. Please use `'airflow.sdk.task'`.","category":"UserWarning","filename":"/opt/airflow/dags/j2_05_branching.py","lineno":1,"logger":"py.warnings"}
{"timestamp":"2026-04-07T05:57:02.413710Z","level":"warning","event":"The `airflow.operators.empty.EmptyOperator` attribute is deprecated. Please use `'airflow.providers.standard.operators.empty.EmptyOperator'`.","category":"UserWarning","filename":"/opt/airflow/dags/j2_05_branching.py","lineno":2,"logger":"py.warnings"}
{"timestamp":"2026-04-07T05:57:33.116977Z","level":"info","event":"Filling up the DagBag from /opt/airflow/dags/j2_05_branching.py","logger":"airflow.dag_processing.dagbag.BundleDagBag","filename":"dagbag.py","lineno":469}
{"timestamp":"2026-04-07T05:57:33.215442Z","level":"warning","event":"The `airflow.decorators.dag` attribute is deprecated. Please use `'airflow.sdk.dag'`.","category":"UserWarning","filename":"/opt/airflow/dags/j2_05_branching.py","lineno":1,"logger":"py.warnings"}
{"timestamp":"2026-04-07T05:57:33.215736Z","level":"warning","event":"The `airflow.decorators.task` attribute is deprecated. Please use `'airflow.sdk.task'`.","category":"UserWarning","filename":"/opt/airflow/dags/j2_05_branching.py","lineno":1,"logger":"py.warnings"}
{"timestamp":"2026-04-07T05:57:33.215850Z","level":"warning","event":"The `airflow.operators.empty.EmptyOperator` attribute is deprecated. Please use `'airflow.providers.standard.operators.empty.EmptyOperator'`.","category":"UserWarning","filename":"/opt/airflow/dags/j2_05_branching.py","lineno":2,"logger":"py.warnings"}
{"timestamp":"2026-04-07T05:58:03.638997Z","level":"info","event":"Filling up the DagBag from /opt/airflow/dags/j2_05_branching.py","logger":"airflow.dag_processing.dagbag.BundleDagBag","filename":"dagbag.py","lineno":469}
{"timestamp":"2026-04-07T05:58:03.740094Z","level":"warning","event":"The `airflow.decorators.dag` attribute is deprecated. Please use `'airflow.sdk.dag'`.","category":"UserWarning","filename":"/opt/airflow/dags/j2_05_branching.py","lineno":1,"logger":"py.warnings"}
{"timestamp":"2026-04-07T05:58:03.740446Z","level":"warning","event":"The `airflow.decorators.task` attribute is deprecated. Please use `'airflow.sdk.task'`.","category":"UserWarning","filename":"/opt/airflow/dags/j2_05_branching.py","lineno":1,"logger":"py.warnings"}
{"timestamp":"2026-04-07T05:58:03.740611Z","level":"warning","event":"The `airflow.operators.empty.EmptyOperator` attribute is deprecated. Please use `'airflow.providers.standard.operators.empty.EmptyOperator'`.","category":"UserWarning","filename":"/opt/airflow/dags/j2_05_branching.py","lineno":2,"logger":"py.warnings"}
{"timestamp":"2026-04-07T05:58:33.916807Z","level":"info","event":"Filling up the DagBag from /opt/airflow/dags/j2_05_branching.py","logger":"airflow.dag_processing.dagbag.BundleDagBag","filename":"dagbag.py","lineno":469}
{"timestamp":"2026-04-07T05:58:33.995236Z","level":"warning","event":"The `airflow.decorators.dag` attribute is deprecated. Please use `'airflow.sdk.dag'`.","category":"UserWarning","filename":"/opt/airflow/dags/j2_05_branching.py","lineno":1,"logger":"py.warnings"}
{"timestamp":"2026-04-07T05:58:33.995576Z","level":"warning","event":"The `airflow.decorators.task` attribute is deprecated. Please use `'airflow.sdk.task'`.","category":"UserWarning","filename":"/opt/airflow/dags/j2_05_branching.py","lineno":1,"logger":"py.warnings"}
{"timestamp":"2026-04-07T05:58:33.995763Z","level":"warning","event":"The `airflow.operators.empty.EmptyOperator` attribute is deprecated. Please use `'airflow.providers.standard.operators.empty.EmptyOperator'`.","category":"UserWarning","filename":"/opt/airflow/dags/j2_05_branching.py","lineno":2,"logger":"py.warnings"}
{"timestamp":"2026-04-07T05:59:04.450881Z","level":"info","event":"Filling up the DagBag from /opt/airflow/dags/j2_05_branching.py","logger":"airflow.dag_processing.dagbag.BundleDagBag","filename":"dagbag.py","lineno":469}
{"timestamp":"2026-04-07T05:59:04.604889Z","level":"warning","event":"The `airflow.decorators.dag` attribute is deprecated. Please use `'airflow.sdk.dag'`.","category":"UserWarning","filename":"/opt/airflow/dags/j2_05_branching.py","lineno":1,"logger":"py.warnings"}
{"timestamp":"2026-04-07T05:59:04.605219Z","level":"warning","event":"The `airflow.decorators.task` attribute is deprecated. Please use `'airflow.sdk.task'`.","category":"UserWarning","filename":"/opt/airflow/dags/j2_05_branching.py","lineno":1,"logger":"py.warnings"}
{"timestamp":"2026-04-07T05:59:04.605386Z","level":"warning","event":"The `airflow.operators.empty.EmptyOperator` attribute is deprecated. Please use `'airflow.providers.standard.operators.empty.EmptyOperator'`.","category":"UserWarning","filename":"/opt/airflow/dags/j2_05_branching.py","lineno":2,"logger":"py.warnings"}
{"timestamp":"2026-04-07T05:59:34.867254Z","level":"info","event":"Filling up the DagBag from /opt/airflow/dags/j2_05_branching.py","logger":"airflow.dag_processing.dagbag.BundleDagBag","filename":"dagbag.py","lineno":469}
{"timestamp":"2026-04-07T05:59:34.978172Z","level":"warning","event":"The `airflow.decorators.dag` attribute is deprecated. Please use `'airflow.sdk.dag'`.","category":"UserWarning","filename":"/opt/airflow/dags/j2_05_branching.py","lineno":1,"logger":"py.warnings"}
{"timestamp":"2026-04-07T05:59:34.978533Z","level":"warning","event":"The `airflow.decorators.task` attribute is deprecated. Please use `'airflow.sdk.task'`.","category":"UserWarning","filename":"/opt/airflow/dags/j2_05_branching.py","lineno":1,"logger":"py.warnings"}
{"timestamp":"2026-04-07T05:59:34.978703Z","level":"warning","event":"The `airflow.operators.empty.EmptyOperator` attribute is deprecated. Please use `'airflow.providers.standard.operators.empty.EmptyOperator'`.","category":"UserWarning","filename":"/opt/airflow/dags/j2_05_branching.py","lineno":2,"logger":"py.warnings"}
{"timestamp":"2026-04-07T06:00:06.411471Z","level":"info","event":"Filling up the DagBag from /opt/airflow/dags/j2_05_branching.py","logger":"airflow.dag_processing.dagbag.BundleDagBag","filename":"dagbag.py","lineno":469}
{"timestamp":"2026-04-07T06:00:06.573127Z","level":"warning","event":"The `airflow.decorators.dag` attribute is deprecated. Please use `'airflow.sdk.dag'`.","category":"UserWarning","filename":"/opt/airflow/dags/j2_05_branching.py","lineno":1,"logger":"py.warnings"}
{"timestamp":"2026-04-07T06:00:06.573432Z","level":"warning","event":"The `airflow.decorators.task` attribute is deprecated. Please use `'airflow.sdk.task'`.","category":"UserWarning","filename":"/opt/airflow/dags/j2_05_branching.py","lineno":1,"logger":"py.warnings"}
{"timestamp":"2026-04-07T06:00:06.573621Z","level":"warning","event":"The `airflow.operators.empty.EmptyOperator` attribute is deprecated. Please use `'airflow.providers.standard.operators.empty.EmptyOperator'`.","category":"UserWarning","filename":"/opt/airflow/dags/j2_05_branching.py","lineno":2,"logger":"py.warnings"}
{"timestamp":"2026-04-07T06:00:36.825722Z","level":"info","event":"Filling up the DagBag from /opt/airflow/dags/j2_05_branching.py","logger":"airflow.dag_processing.dagbag.BundleDagBag","filename":"dagbag.py","lineno":469}
{"timestamp":"2026-04-07T06:00:36.979757Z","level":"warning","event":"The `airflow.decorators.dag` attribute is deprecated. Please use `'airflow.sdk.dag'`.","category":"UserWarning","filename":"/opt/airflow/dags/j2_05_branching.py","lineno":1,"logger":"py.warnings"}
{"timestamp":"2026-04-07T06:00:36.980069Z","level":"warning","event":"The `airflow.decorators.task` attribute is deprecated. Please use `'airflow.sdk.task'`.","category":"UserWarning","filename":"/opt/airflow/dags/j2_05_branching.py","lineno":1,"logger":"py.warnings"}
{"timestamp":"2026-04-07T06:00:36.980209Z","level":"warning","event":"The `airflow.operators.empty.EmptyOperator` attribute is deprecated. Please use `'airflow.providers.standard.operators.empty.EmptyOperator'`.","category":"UserWarning","filename":"/opt/airflow/dags/j2_05_branching.py","lineno":2,"logger":"py.warnings"}
{"timestamp":"2026-04-07T06:01:07.461678Z","level":"info","event":"Filling up the DagBag from /opt/airflow/dags/j2_05_branching.py","logger":"airflow.dag_processing.dagbag.BundleDagBag","filename":"dagbag.py","lineno":469}
{"timestamp":"2026-04-07T06:01:07.624473Z","level":"warning","event":"The `airflow.decorators.dag` attribute is deprecated. Please use `'airflow.sdk.dag'`.","category":"UserWarning","filename":"/opt/airflow/dags/j2_05_branching.py","lineno":1,"logger":"py.warnings"}
{"timestamp":"2026-04-07T06:01:07.624804Z","level":"warning","event":"The `airflow.decorators.task` attribute is deprecated. Please use `'airflow.sdk.task'`.","category":"UserWarning","filename":"/opt/airflow/dags/j2_05_branching.py","lineno":1,"logger":"py.warnings"}
{"timestamp":"2026-04-07T06:01:07.625000Z","level":"warning","event":"The `airflow.operators.empty.EmptyOperator` attribute is deprecated. Please use `'airflow.providers.standard.operators.empty.EmptyOperator'`.","category":"UserWarning","filename":"/opt/airflow/dags/j2_05_branching.py","lineno":2,"logger":"py.warnings"}
{"timestamp":"2026-04-07T06:01:38.686506Z","level":"info","event":"Filling up the DagBag from /opt/airflow/dags/j2_05_branching.py","logger":"airflow.dag_processing.dagbag.BundleDagBag","filename":"dagbag.py","lineno":469}
{"timestamp":"2026-04-07T06:01:38.899614Z","level":"warning","event":"The `airflow.decorators.dag` attribute is deprecated. Please use `'airflow.sdk.dag'`.","category":"UserWarning","filename":"/opt/airflow/dags/j2_05_branching.py","lineno":1,"logger":"py.warnings"}
{"timestamp":"2026-04-07T06:01:38.900053Z","level":"warning","event":"The `airflow.decorators.task` attribute is deprecated. Please use `'airflow.sdk.task'`.","category":"UserWarning","filename":"/opt/airflow/dags/j2_05_branching.py","lineno":1,"logger":"py.warnings"}
{"timestamp":"2026-04-07T06:01:38.900290Z","level":"warning","event":"The `airflow.operators.empty.EmptyOperator` attribute is deprecated. Please use `'airflow.providers.standard.operators.empty.EmptyOperator'`.","category":"UserWarning","filename":"/opt/airflow/dags/j2_05_branching.py","lineno":2,"logger":"py.warnings"}
{"timestamp":"2026-04-07T06:02:09.424772Z","level":"info","event":"Filling up the DagBag from /opt/airflow/dags/j2_05_branching.py","logger":"airflow.dag_processing.dagbag.BundleDagBag","filename":"dagbag.py","lineno":469}
{"timestamp":"2026-04-07T06:02:09.515325Z","level":"warning","event":"The `airflow.decorators.dag` attribute is deprecated. Please use `'airflow.sdk.dag'`.","category":"UserWarning","filename":"/opt/airflow/dags/j2_05_branching.py","lineno":1,"logger":"py.warnings"}
{"timestamp":"2026-04-07T06:02:09.515510Z","level":"warning","event":"The `airflow.decorators.task` attribute is deprecated. Please use `'airflow.sdk.task'`.","category":"UserWarning","filename":"/opt/airflow/dags/j2_05_branching.py","lineno":1,"logger":"py.warnings"}
{"timestamp":"2026-04-07T06:02:09.515604Z","level":"warning","event":"The `airflow.operators.empty.EmptyOperator` attribute is deprecated. Please use `'airflow.providers.standard.operators.empty.EmptyOperator'`.","category":"UserWarning","filename":"/opt/airflow/dags/j2_05_branching.py","lineno":2,"logger":"py.warnings"}
{"timestamp":"2026-04-07T06:02:40.268422Z","level":"info","event":"Filling up the DagBag from /opt/airflow/dags/j2_05_branching.py","logger":"airflow.dag_processing.dagbag.BundleDagBag","filename":"dagbag.py","lineno":469}
{"timestamp":"2026-04-07T06:02:40.365568Z","level":"warning","event":"The `airflow.decorators.dag` attribute is deprecated. Please use `'airflow.sdk.dag'`.","category":"UserWarning","filename":"/opt/airflow/dags/j2_05_branching.py","lineno":1,"logger":"py.warnings"}
{"timestamp":"2026-04-07T06:02:40.365805Z","level":"warning","event":"The `airflow.decorators.task` attribute is deprecated. Please use `'airflow.sdk.task'`.","category":"UserWarning","filename":"/opt/airflow/dags/j2_05_branching.py","lineno":1,"logger":"py.warnings"}
{"timestamp":"2026-04-07T06:02:40.365898Z","level":"warning","event":"The `airflow.operators.empty.EmptyOperator` attribute is deprecated. Please use `'airflow.providers.standard.operators.empty.EmptyOperator'`.","category":"UserWarning","filename":"/opt/airflow/dags/j2_05_branching.py","lineno":2,"logger":"py.warnings"}
{"timestamp":"2026-04-07T06:03:11.244171Z","level":"info","event":"Filling up the DagBag from /opt/airflow/dags/j2_05_branching.py","logger":"airflow.dag_processing.dagbag.BundleDagBag","filename":"dagbag.py","lineno":469}
{"timestamp":"2026-04-07T06:03:11.353643Z","level":"warning","event":"The `airflow.decorators.dag` attribute is deprecated. Please use `'airflow.sdk.dag'`.","category":"UserWarning","filename":"/opt/airflow/dags/j2_05_branching.py","lineno":1,"logger":"py.warnings"}
{"timestamp":"2026-04-07T06:03:11.353845Z","level":"warning","event":"The `airflow.decorators.task` attribute is deprecated. Please use `'airflow.sdk.task'`.","category":"UserWarning","filename":"/opt/airflow/dags/j2_05_branching.py","lineno":1,"logger":"py.warnings"}
{"timestamp":"2026-04-07T06:03:11.353931Z","level":"warning","event":"The `airflow.operators.empty.EmptyOperator` attribute is deprecated. Please use `'airflow.providers.standard.operators.empty.EmptyOperator'`.","category":"UserWarning","filename":"/opt/airflow/dags/j2_05_branching.py","lineno":2,"logger":"py.warnings"}
{"timestamp":"2026-04-07T06:03:41.816914Z","level":"info","event":"Filling up the DagBag from /opt/airflow/dags/j2_05_branching.py","logger":"airflow.dag_processing.dagbag.BundleDagBag","filename":"dagbag.py","lineno":469}
{"timestamp":"2026-04-07T06:03:41.901567Z","level":"warning","event":"The `airflow.decorators.dag` attribute is deprecated. Please use `'airflow.sdk.dag'`.","category":"UserWarning","filename":"/opt/airflow/dags/j2_05_branching.py","lineno":1,"logger":"py.warnings"}
{"timestamp":"2026-04-07T06:03:41.901766Z","level":"warning","event":"The `airflow.decorators.task` attribute is deprecated. Please use `'airflow.sdk.task'`.","category":"UserWarning","filename":"/opt/airflow/dags/j2_05_branching.py","lineno":1,"logger":"py.warnings"}
{"timestamp":"2026-04-07T06:03:41.901893Z","level":"warning","event":"The `airflow.operators.empty.EmptyOperator` attribute is deprecated. Please use `'airflow.providers.standard.operators.empty.EmptyOperator'`.","category":"UserWarning","filename":"/opt/airflow/dags/j2_05_branching.py","lineno":2,"logger":"py.warnings"}
{"timestamp":"2026-04-07T06:04:12.931453Z","level":"info","event":"Filling up the DagBag from /opt/airflow/dags/j2_05_branching.py","logger":"airflow.dag_processing.dagbag.BundleDagBag","filename":"dagbag.py","lineno":469}
{"timestamp":"2026-04-07T06:04:13.002508Z","level":"warning","event":"The `airflow.decorators.dag` attribute is deprecated. Please use `'airflow.sdk.dag'`.","category":"UserWarning","filename":"/opt/airflow/dags/j2_05_branching.py","lineno":1,"logger":"py.warnings"}
{"timestamp":"2026-04-07T06:04:13.002734Z","level":"warning","event":"The `airflow.decorators.task` attribute is deprecated. Please use `'airflow.sdk.task'`.","category":"UserWarning","filename":"/opt/airflow/dags/j2_05_branching.py","lineno":1,"logger":"py.warnings"}
{"timestamp":"2026-04-07T06:04:13.002875Z","level":"warning","event":"The `airflow.operators.empty.EmptyOperator` attribute is deprecated. Please use `'airflow.providers.standard.operators.empty.EmptyOperator'`.","category":"UserWarning","filename":"/opt/airflow/dags/j2_05_branching.py","lineno":2,"logger":"py.warnings"}
{"timestamp":"2026-04-07T06:04:44.150692Z","level":"info","event":"Filling up the DagBag from /opt/airflow/dags/j2_05_branching.py","logger":"airflow.dag_processing.dagbag.BundleDagBag","filename":"dagbag.py","lineno":469}
{"timestamp":"2026-04-07T06:04:44.257621Z","level":"warning","event":"The `airflow.decorators.dag` attribute is deprecated. Please use `'airflow.sdk.dag'`.","category":"UserWarning","filename":"/opt/airflow/dags/j2_05_branching.py","lineno":1,"logger":"py.warnings"}
{"timestamp":"2026-04-07T06:04:44.257917Z","level":"warning","event":"The `airflow.decorators.task` attribute is deprecated. Please use `'airflow.sdk.task'`.","category":"UserWarning","filename":"/opt/airflow/dags/j2_05_branching.py","lineno":1,"logger":"py.warnings"}
{"timestamp":"2026-04-07T06:04:44.258058Z","level":"warning","event":"The `airflow.operators.empty.EmptyOperator` attribute is deprecated. Please use `'airflow.providers.standard.operators.empty.EmptyOperator'`.","category":"UserWarning","filename":"/opt/airflow/dags/j2_05_branching.py","lineno":2,"logger":"py.warnings"}
{"timestamp":"2026-04-07T06:05:14.819071Z","level":"info","event":"Filling up the DagBag from /opt/airflow/dags/j2_05_branching.py","logger":"airflow.dag_processing.dagbag.BundleDagBag","filename":"dagbag.py","lineno":469}
{"timestamp":"2026-04-07T06:05:14.927974Z","level":"warning","event":"The `airflow.decorators.dag` attribute is deprecated. Please use `'airflow.sdk.dag'`.","category":"UserWarning","filename":"/opt/airflow/dags/j2_05_branching.py","lineno":1,"logger":"py.warnings"}
{"timestamp":"2026-04-07T06:05:14.928223Z","level":"warning","event":"The `airflow.decorators.task` attribute is deprecated. Please use `'airflow.sdk.task'`.","category":"UserWarning","filename":"/opt/airflow/dags/j2_05_branching.py","lineno":1,"logger":"py.warnings"}
{"timestamp":"2026-04-07T06:05:14.928321Z","level":"warning","event":"The `airflow.operators.empty.EmptyOperator` attribute is deprecated. Please use `'airflow.providers.standard.operators.empty.EmptyOperator'`.","category":"UserWarning","filename":"/opt/airflow/dags/j2_05_branching.py","lineno":2,"logger":"py.warnings"}
{"timestamp":"2026-04-07T06:05:45.358250Z","level":"info","event":"Filling up the DagBag from /opt/airflow/dags/j2_05_branching.py","logger":"airflow.dag_processing.dagbag.BundleDagBag","filename":"dagbag.py","lineno":469}
{"timestamp":"2026-04-07T06:05:45.436145Z","level":"warning","event":"The `airflow.decorators.dag` attribute is deprecated. Please use `'airflow.sdk.dag'`.","category":"UserWarning","filename":"/opt/airflow/dags/j2_05_branching.py","lineno":1,"logger":"py.warnings"}
{"timestamp":"2026-04-07T06:05:45.436316Z","level":"warning","event":"The `airflow.decorators.task` attribute is deprecated. Please use `'airflow.sdk.task'`.","category":"UserWarning","filename":"/opt/airflow/dags/j2_05_branching.py","lineno":1,"logger":"py.warnings"}
{"timestamp":"2026-04-07T06:05:45.436414Z","level":"warning","event":"The `airflow.operators.empty.EmptyOperator` attribute is deprecated. Please use `'airflow.providers.standard.operators.empty.EmptyOperator'`.","category":"UserWarning","filename":"/opt/airflow/dags/j2_05_branching.py","lineno":2,"logger":"py.warnings"}
{"timestamp":"2026-04-07T06:06:15.653909Z","level":"info","event":"Filling up the DagBag from /opt/airflow/dags/j2_05_branching.py","logger":"airflow.dag_processing.dagbag.BundleDagBag","filename":"dagbag.py","lineno":469}
{"timestamp":"2026-04-07T06:06:15.745473Z","level":"warning","event":"The `airflow.decorators.dag` attribute is deprecated. Please use `'airflow.sdk.dag'`.","category":"UserWarning","filename":"/opt/airflow/dags/j2_05_branching.py","lineno":1,"logger":"py.warnings"}
{"timestamp":"2026-04-07T06:06:15.745757Z","level":"warning","event":"The `airflow.decorators.task` attribute is deprecated. Please use `'airflow.sdk.task'`.","category":"UserWarning","filename":"/opt/airflow/dags/j2_05_branching.py","lineno":1,"logger":"py.warnings"}
{"timestamp":"2026-04-07T06:06:15.745940Z","level":"warning","event":"The `airflow.operators.empty.EmptyOperator` attribute is deprecated. Please use `'airflow.providers.standard.operators.empty.EmptyOperator'`.","category":"UserWarning","filename":"/opt/airflow/dags/j2_05_branching.py","lineno":2,"logger":"py.warnings"}
{"timestamp":"2026-04-07T06:06:46.061409Z","level":"info","event":"Filling up the DagBag from /opt/airflow/dags/j2_05_branching.py","logger":"airflow.dag_processing.dagbag.BundleDagBag","filename":"dagbag.py","lineno":469}
{"timestamp":"2026-04-07T06:06:46.162071Z","level":"warning","event":"The `airflow.decorators.dag` attribute is deprecated. Please use `'airflow.sdk.dag'`.","category":"UserWarning","filename":"/opt/airflow/dags/j2_05_branching.py","lineno":1,"logger":"py.warnings"}
{"timestamp":"2026-04-07T06:06:46.162336Z","level":"warning","event":"The `airflow.decorators.task` attribute is deprecated. Please use `'airflow.sdk.task'`.","category":"UserWarning","filename":"/opt/airflow/dags/j2_05_branching.py","lineno":1,"logger":"py.warnings"}
{"timestamp":"2026-04-07T06:06:46.162447Z","level":"warning","event":"The `airflow.operators.empty.EmptyOperator` attribute is deprecated. Please use `'airflow.providers.standard.operators.empty.EmptyOperator'`.","category":"UserWarning","filename":"/opt/airflow/dags/j2_05_branching.py","lineno":2,"logger":"py.warnings"}
{"timestamp":"2026-04-07T06:07:16.518387Z","level":"info","event":"Filling up the DagBag from /opt/airflow/dags/j2_05_branching.py","logger":"airflow.dag_processing.dagbag.BundleDagBag","filename":"dagbag.py","lineno":469}
{"timestamp":"2026-04-07T06:07:16.626512Z","level":"warning","event":"The `airflow.decorators.dag` attribute is deprecated. Please use `'airflow.sdk.dag'`.","category":"UserWarning","filename":"/opt/airflow/dags/j2_05_branching.py","lineno":1,"logger":"py.warnings"}
{"timestamp":"2026-04-07T06:07:16.626687Z","level":"warning","event":"The `airflow.decorators.task` attribute is deprecated. Please use `'airflow.sdk.task'`.","category":"UserWarning","filename":"/opt/airflow/dags/j2_05_branching.py","lineno":1,"logger":"py.warnings"}
{"timestamp":"2026-04-07T06:07:16.626778Z","level":"warning","event":"The `airflow.operators.empty.EmptyOperator` attribute is deprecated. Please use `'airflow.providers.standard.operators.empty.EmptyOperator'`.","category":"UserWarning","filename":"/opt/airflow/dags/j2_05_branching.py","lineno":2,"logger":"py.warnings"}
{"timestamp":"2026-04-07T06:07:47.056934Z","level":"info","event":"Filling up the DagBag from /opt/airflow/dags/j2_05_branching.py","logger":"airflow.dag_processing.dagbag.BundleDagBag","filename":"dagbag.py","lineno":469}
{"timestamp":"2026-04-07T06:07:47.205114Z","level":"warning","event":"The `airflow.decorators.dag` attribute is deprecated. Please use `'airflow.sdk.dag'`.","category":"UserWarning","filename":"/opt/airflow/dags/j2_05_branching.py","lineno":1,"logger":"py.warnings"}
{"timestamp":"2026-04-07T06:07:47.205468Z","level":"warning","event":"The `airflow.decorators.task` attribute is deprecated. Please use `'airflow.sdk.task'`.","category":"UserWarning","filename":"/opt/airflow/dags/j2_05_branching.py","lineno":1,"logger":"py.warnings"}
{"timestamp":"2026-04-07T06:07:47.205686Z","level":"warning","event":"The `airflow.operators.empty.EmptyOperator` attribute is deprecated. Please use `'airflow.providers.standard.operators.empty.EmptyOperator'`.","category":"UserWarning","filename":"/opt/airflow/dags/j2_05_branching.py","lineno":2,"logger":"py.warnings"}
{"timestamp":"2026-04-07T06:08:17.532617Z","level":"info","event":"Filling up the DagBag from /opt/airflow/dags/j2_05_branching.py","logger":"airflow.dag_processing.dagbag.BundleDagBag","filename":"dagbag.py","lineno":469}
{"timestamp":"2026-04-07T06:08:17.651457Z","level":"warning","event":"The `airflow.decorators.dag` attribute is deprecated. Please use `'airflow.sdk.dag'`.","category":"UserWarning","filename":"/opt/airflow/dags/j2_05_branching.py","lineno":1,"logger":"py.warnings"}
{"timestamp":"2026-04-07T06:08:17.651957Z","level":"warning","event":"The `airflow.decorators.task` attribute is deprecated. Please use `'airflow.sdk.task'`.","category":"UserWarning","filename":"/opt/airflow/dags/j2_05_branching.py","lineno":1,"logger":"py.warnings"}
{"timestamp":"2026-04-07T06:08:17.652218Z","level":"warning","event":"The `airflow.operators.empty.EmptyOperator` attribute is deprecated. Please use `'airflow.providers.standard.operators.empty.EmptyOperator'`.","category":"UserWarning","filename":"/opt/airflow/dags/j2_05_branching.py","lineno":2,"logger":"py.warnings"}
{"timestamp":"2026-04-07T06:08:48.187942Z","level":"info","event":"Filling up the DagBag from /opt/airflow/dags/j2_05_branching.py","logger":"airflow.dag_processing.dagbag.BundleDagBag","filename":"dagbag.py","lineno":469}
{"timestamp":"2026-04-07T06:08:48.328646Z","level":"warning","event":"The `airflow.decorators.dag` attribute is deprecated. Please use `'airflow.sdk.dag'`.","category":"UserWarning","filename":"/opt/airflow/dags/j2_05_branching.py","lineno":1,"logger":"py.warnings"}
{"timestamp":"2026-04-07T06:08:48.328930Z","level":"warning","event":"The `airflow.decorators.task` attribute is deprecated. Please use `'airflow.sdk.task'`.","category":"UserWarning","filename":"/opt/airflow/dags/j2_05_branching.py","lineno":1,"logger":"py.warnings"}
{"timestamp":"2026-04-07T06:08:48.329095Z","level":"warning","event":"The `airflow.operators.empty.EmptyOperator` attribute is deprecated. Please use `'airflow.providers.standard.operators.empty.EmptyOperator'`.","category":"UserWarning","filename":"/opt/airflow/dags/j2_05_branching.py","lineno":2,"logger":"py.warnings"}
{"timestamp":"2026-04-07T06:09:18.790798Z","level":"info","event":"Filling up the DagBag from /opt/airflow/dags/j2_05_branching.py","logger":"airflow.dag_processing.dagbag.BundleDagBag","filename":"dagbag.py","lineno":469}
{"timestamp":"2026-04-07T06:09:18.884032Z","level":"warning","event":"The `airflow.decorators.dag` attribute is deprecated. Please use `'airflow.sdk.dag'`.","category":"UserWarning","filename":"/opt/airflow/dags/j2_05_branching.py","lineno":1,"logger":"py.warnings"}
{"timestamp":"2026-04-07T06:09:18.884256Z","level":"warning","event":"The `airflow.decorators.task` attribute is deprecated. Please use `'airflow.sdk.task'`.","category":"UserWarning","filename":"/opt/airflow/dags/j2_05_branching.py","lineno":1,"logger":"py.warnings"}
{"timestamp":"2026-04-07T06:09:18.884352Z","level":"warning","event":"The `airflow.operators.empty.EmptyOperator` attribute is deprecated. Please use `'airflow.providers.standard.operators.empty.EmptyOperator'`.","category":"UserWarning","filename":"/opt/airflow/dags/j2_05_branching.py","lineno":2,"logger":"py.warnings"}
{"timestamp":"2026-04-07T06:09:49.015040Z","level":"info","event":"Filling up the DagBag from /opt/airflow/dags/j2_05_branching.py","logger":"airflow.dag_processing.dagbag.BundleDagBag","filename":"dagbag.py","lineno":469}
{"timestamp":"2026-04-07T06:09:49.117630Z","level":"warning","event":"The `airflow.decorators.dag` attribute is deprecated. Please use `'airflow.sdk.dag'`.","category":"UserWarning","filename":"/opt/airflow/dags/j2_05_branching.py","lineno":1,"logger":"py.warnings"}
{"timestamp":"2026-04-07T06:09:49.117948Z","level":"warning","event":"The `airflow.decorators.task` attribute is deprecated. Please use `'airflow.sdk.task'`.","category":"UserWarning","filename":"/opt/airflow/dags/j2_05_branching.py","lineno":1,"logger":"py.warnings"}
{"timestamp":"2026-04-07T06:09:49.118097Z","level":"warning","event":"The `airflow.operators.empty.EmptyOperator` attribute is deprecated. Please use `'airflow.providers.standard.operators.empty.EmptyOperator'`.","category":"UserWarning","filename":"/opt/airflow/dags/j2_05_branching.py","lineno":2,"logger":"py.warnings"}
